
Optional file libmchp_peripheral.a not found

Optional file libmchp_peripheral_32MX340F512H.a not found
Archive member included because of file (symbol)

/Applications/microchip/xc32/v2.40/bin/bin/../../lib/gcc/pic32mx/4.8.3/../../../../pic32mx/lib/libpic32.a(memset.o)
                              build/default/production/rpn.o (memset)
/Applications/microchip/xc32/v2.40/bin/bin/../../lib/gcc/pic32mx/4.8.3/../../../../pic32mx/lib/libpic32.a(default-bootstrap-exception-handler.o)
                              /var/folders/wg/v5wykb0x28zd8kg6l9_g3tjh0000gn/T//cc77qFCB.o (_bootstrap_exception_handler)
/Applications/microchip/xc32/v2.40/bin/bin/../../lib/gcc/pic32mx/4.8.3/../../../../pic32mx/lib/libpic32.a(default-on-reset.o)
                              /var/folders/wg/v5wykb0x28zd8kg6l9_g3tjh0000gn/T//cc77qFCB.o (_on_reset)
/Applications/microchip/xc32/v2.40/bin/bin/../../lib/gcc/pic32mx/4.8.3/../../../../pic32mx/lib/libpic32.a(default-on-bootstrap.o)
                              /var/folders/wg/v5wykb0x28zd8kg6l9_g3tjh0000gn/T//cc77qFCB.o (_on_bootstrap)
/Applications/microchip/xc32/v2.40/bin/bin/../../lib/gcc/pic32mx/4.8.3/../../../../pic32mx/lib/libpic32.a(default-nmi-handler.o)
                              /var/folders/wg/v5wykb0x28zd8kg6l9_g3tjh0000gn/T//cc77qFCB.o (_nmi_handler)
/Applications/microchip/xc32/v2.40/bin/bin/../../lib/gcc/pic32mx/4.8.3/../../../../pic32mx/lib/libpic32.a(xc32_uart.o)
                              build/default/production/BOARD.o (__XC_UART)
/Applications/microchip/xc32/v2.40/bin/bin/../../lib/gcc/pic32mx/4.8.3/../../../../pic32mx/lib/libpic32.a(pic32_data_init.o)
                              /var/folders/wg/v5wykb0x28zd8kg6l9_g3tjh0000gn/T//cc77qFCB.o (__pic32_data_init)
/Applications/microchip/xc32/v2.40/bin/bin/../../lib/gcc/pic32mx/4.8.3/../../../../pic32mx/lib/libpic32.a(general-exception.o)
                              /var/folders/wg/v5wykb0x28zd8kg6l9_g3tjh0000gn/T//cc77qFCB.o (_general_exception_context)
/Applications/microchip/xc32/v2.40/bin/bin/../../lib/gcc/pic32mx/4.8.3/../../../../pic32mx/lib/libpic32.a(vector0.o)
                              /var/folders/wg/v5wykb0x28zd8kg6l9_g3tjh0000gn/T//ccTkuEUN.o (__vector_dispatch_0)
/Applications/microchip/xc32/v2.40/bin/bin/../../lib/gcc/pic32mx/4.8.3/../../../../pic32mx/lib/libpic32.a(vector1.o)
                              /var/folders/wg/v5wykb0x28zd8kg6l9_g3tjh0000gn/T//ccTkuEUN.o (__vector_dispatch_1)
/Applications/microchip/xc32/v2.40/bin/bin/../../lib/gcc/pic32mx/4.8.3/../../../../pic32mx/lib/libpic32.a(vector2.o)
                              /var/folders/wg/v5wykb0x28zd8kg6l9_g3tjh0000gn/T//ccTkuEUN.o (__vector_dispatch_2)
/Applications/microchip/xc32/v2.40/bin/bin/../../lib/gcc/pic32mx/4.8.3/../../../../pic32mx/lib/libpic32.a(vector3.o)
                              /var/folders/wg/v5wykb0x28zd8kg6l9_g3tjh0000gn/T//ccTkuEUN.o (__vector_dispatch_3)
/Applications/microchip/xc32/v2.40/bin/bin/../../lib/gcc/pic32mx/4.8.3/../../../../pic32mx/lib/libpic32.a(vector4.o)
                              /var/folders/wg/v5wykb0x28zd8kg6l9_g3tjh0000gn/T//ccTkuEUN.o (__vector_dispatch_4)
/Applications/microchip/xc32/v2.40/bin/bin/../../lib/gcc/pic32mx/4.8.3/../../../../pic32mx/lib/libpic32.a(vector5.o)
                              /var/folders/wg/v5wykb0x28zd8kg6l9_g3tjh0000gn/T//ccTkuEUN.o (__vector_dispatch_5)
/Applications/microchip/xc32/v2.40/bin/bin/../../lib/gcc/pic32mx/4.8.3/../../../../pic32mx/lib/libpic32.a(vector6.o)
                              /var/folders/wg/v5wykb0x28zd8kg6l9_g3tjh0000gn/T//ccTkuEUN.o (__vector_dispatch_6)
/Applications/microchip/xc32/v2.40/bin/bin/../../lib/gcc/pic32mx/4.8.3/../../../../pic32mx/lib/libpic32.a(vector7.o)
                              /var/folders/wg/v5wykb0x28zd8kg6l9_g3tjh0000gn/T//ccTkuEUN.o (__vector_dispatch_7)
/Applications/microchip/xc32/v2.40/bin/bin/../../lib/gcc/pic32mx/4.8.3/../../../../pic32mx/lib/libpic32.a(vector8.o)
                              /var/folders/wg/v5wykb0x28zd8kg6l9_g3tjh0000gn/T//ccTkuEUN.o (__vector_dispatch_8)
/Applications/microchip/xc32/v2.40/bin/bin/../../lib/gcc/pic32mx/4.8.3/../../../../pic32mx/lib/libpic32.a(vector9.o)
                              /var/folders/wg/v5wykb0x28zd8kg6l9_g3tjh0000gn/T//ccTkuEUN.o (__vector_dispatch_9)
/Applications/microchip/xc32/v2.40/bin/bin/../../lib/gcc/pic32mx/4.8.3/../../../../pic32mx/lib/libpic32.a(vector10.o)
                              /var/folders/wg/v5wykb0x28zd8kg6l9_g3tjh0000gn/T//ccTkuEUN.o (__vector_dispatch_10)
/Applications/microchip/xc32/v2.40/bin/bin/../../lib/gcc/pic32mx/4.8.3/../../../../pic32mx/lib/libpic32.a(vector11.o)
                              /var/folders/wg/v5wykb0x28zd8kg6l9_g3tjh0000gn/T//ccTkuEUN.o (__vector_dispatch_11)
/Applications/microchip/xc32/v2.40/bin/bin/../../lib/gcc/pic32mx/4.8.3/../../../../pic32mx/lib/libpic32.a(vector12.o)
                              /var/folders/wg/v5wykb0x28zd8kg6l9_g3tjh0000gn/T//ccTkuEUN.o (__vector_dispatch_12)
[...]
Memory Configuration

Name             Origin             Length             Attributes
kseg0_program_mem 0x000000009d000000 0x0000000000080000 xr
kseg0_boot_mem   0x000000009fc00490 0x0000000000000970
exception_mem    0x000000009fc01000 0x0000000000001000
kseg1_boot_mem   0x00000000bfc00000 0x0000000000000490
debug_exec_mem   0x00000000bfc02000 0x0000000000000ff0
config3          0x00000000bfc02ff0 0x0000000000000004
config2          0x00000000bfc02ff4 0x0000000000000004
config1          0x00000000bfc02ff8 0x0000000000000004
config0          0x00000000bfc02ffc 0x0000000000000004
kseg1_data_mem   0x00000000a0000000 0x0000000000008000 w !x
sfrs             0x00000000bf800000 0x0000000000100000
configsfrs       0x00000000bfc02ff0 0x0000000000000010
*default*        0x0000000000000000 0xffffffffffffffff

Linker script and memory map

LOAD /Applications/microchip/xc32/v2.40/bin/bin/../../lib/gcc/pic32mx/4.8.3/../../../../pic32mx/lib/debug-exception-return.o
LOAD build/default/production/BOARD.o
LOAD build/default/production/stack.o
LOAD build/default/production/rpn.o
LOAD build/default/production/Lab04_main.o
                0x0000000000000001                __MPLAB_BUILD = 0x1
LOAD /var/folders/wg/v5wykb0x28zd8kg6l9_g3tjh0000gn/T//cc77qFCB.o
LOAD /var/folders/wg/v5wykb0x28zd8kg6l9_g3tjh0000gn/T//cc83yH6G.o
LOAD /var/folders/wg/v5wykb0x28zd8kg6l9_g3tjh0000gn/T//ccTkuEUN.o
LOAD /Applications/microchip/xc32/v2.40/bin/bin/../../lib/gcc/pic32mx/4.8.3/../../../../pic32mx/lib/pic32_software_reset.o
                0x0000000000000400                PROVIDE (_min_stack_size, 0x400)
START GROUP
LOAD /Applications/microchip/xc32/v2.40/bin/bin/../../lib/gcc/pic32mx/4.8.3/../../../../pic32mx/lib/./proc/32MX340F512H/processor.o
END GROUP
START GROUP
LOAD libmchp_peripheral.a
END GROUP
START GROUP
LOAD libmchp_peripheral_32MX340F512H.a
END GROUP
                0x0000000000000001                PROVIDE (_vector_spacing, 0x1)
                0x000000009fc01000                PROVIDE (_ebase_address, 0x9fc01000)
                0x00000000bfc00000                _RESET_ADDR = 0xbfc00000
                0x00000000bfc00380                _BEV_EXCPT_ADDR = 0xbfc00380
                0x00000000bfc00480                _DBG_EXCPT_ADDR = 0xbfc00480
                0x00000000bfc02000                _DBG_CODE_ADDR = 0xbfc02000
                0x0000000000000ff0                _DBG_CODE_SIZE = 0xff0
                0x000000009fc01180                _GEN_EXCPT_ADDR = (_ebase_address + 0x180)

.config_BFC02FF0
 *(.config_BFC02FF0)

.config_BFC02FF4
                0x00000000bfc02ff4        0x4
 *(.config_BFC02FF4)
 .config_BFC02FF4
                0x00000000bfc02ff4        0x4 build/default/production/BOARD.o

.config_BFC02FF8
                0x00000000bfc02ff8        0x4
 *(.config_BFC02FF8)
 .config_BFC02FF8
                0x00000000bfc02ff8        0x4 build/default/production/BOARD.o

.config_BFC02FFC
                0x00000000bfc02ffc        0x4
 *(.config_BFC02FFC)
 .config_BFC02FFC
                0x00000000bfc02ffc        0x4 build/default/production/BOARD.o
                0x00000000bfc02000                PROVIDE (_DBG_CODE_ADDR, 0xbfc02000)
                0x0000000000000ff0                PROVIDE (_DBG_CODE_SIZE, 0xff0)

.reset          0x00000000bfc00000      0x19c
 *(.reset)
 .reset         0x00000000bfc00000        0x8 /var/folders/wg/v5wykb0x28zd8kg6l9_g3tjh0000gn/T//cc77qFCB.o
                0x00000000bfc00000                _reset
 *(.reset.startup)
 .reset.startup
                0x00000000bfc00008      0x194 /var/folders/wg/v5wykb0x28zd8kg6l9_g3tjh0000gn/T//cc77qFCB.o
                0x00000000bfc00008                _startup

.bev_excpt      0x00000000bfc00380       0x10
 *(.bev_handler)
 .bev_handler   0x00000000bfc00380       0x10 /var/folders/wg/v5wykb0x28zd8kg6l9_g3tjh0000gn/T//cc77qFCB.o

.dbg_excpt      0x00000000bfc00480        0x0
                0x00000000bfc00480                . = (. + DEFINED (_DEBUGGER)?0x8:0x0)

.dbg_code       0x00000000bfc02000        0x0
                0x00000000bfc02000                . = (. + DEFINED (_DEBUGGER)?_DBG_CODE_SIZE:0x0)

.app_excpt      0x000000009fc01180       0x10
 *(.gen_handler)
 .gen_handler   0x000000009fc01180       0x10 /var/folders/wg/v5wykb0x28zd8kg6l9_g3tjh0000gn/T//cc77qFCB.o

.vector_0       0x000000009fc01200        0x8
 *(.vector_0)
 .vector_0      0x000000009fc01200        0x8 /Applications/microchip/xc32/v2.40/bin/bin/../../lib/gcc/pic32mx/4.8.3/../../../../pic32mx/lib/libpic32.a(vector0.o)
                0x000000009fc01200                __vector_dispatch_0
                0x0000000000000001                ASSERT (((_vector_spacing == 0x0) || (SIZEOF (.vector_0) <= (_vector_spacing << 0x5))), function at exception vector 0 too large)

.vector_1       0x000000009fc01220        0x8
 *(.vector_1)
 .vector_1      0x000000009fc01220        0x8 /Applications/microchip/xc32/v2.40/bin/bin/../../lib/gcc/pic32mx/4.8.3/../../../../pic32mx/lib/libpic32.a(vector1.o)
                0x000000009fc01220                __vector_dispatch_1
                0x0000000000000001                ASSERT (((_vector_spacing == 0x0) || (SIZEOF (.vector_1) <= (_vector_spacing << 0x5))), function at exception vector 1 too large)

.vector_2       0x000000009fc01240        0x8
 *(.vector_2)
 .vector_2      0x000000009fc01240        0x8 /Applications/microchip/xc32/v2.40/bin/bin/../../lib/gcc/pic32mx/4.8.3/../../../../pic32mx/lib/libpic32.a(vector2.o)
                0x000000009fc01240                __vector_dispatch_2
                0x0000000000000001                ASSERT (((_vector_spacing == 0x0) || (SIZEOF (.vector_2) <= (_vector_spacing << 0x5))), function at exception vector 2 too large)

.vector_3       0x000000009fc01260        0x8
 *(.vector_3)
 .vector_3      0x000000009fc01260        0x8 /Applications/microchip/xc32/v2.40/bin/bin/../../lib/gcc/pic32mx/4.8.3/../../../../pic32mx/lib/libpic32.a(vector3.o)
                0x000000009fc01260                __vector_dispatch_3
                0x0000000000000001                ASSERT (((_vector_spacing == 0x0) || (SIZEOF (.vector_3) <= (_vector_spacing << 0x5))), function at exception vector 3 too large)

.vector_4       0x000000009fc01280        0x8
 *(.vector_4)
 .vector_4      0x000000009fc01280        0x8 /Applications/microchip/xc32/v2.40/bin/bin/../../lib/gcc/pic32mx/4.8.3/../../../../pic32mx/lib/libpic32.a(vector4.o)
                0x000000009fc01280                __vector_dispatch_4
                0x0000000000000001                ASSERT (((_vector_spacing == 0x0) || (SIZEOF (.vector_4) <= (_vector_spacing << 0x5))), function at exception vector 4 too large)

.vector_5       0x000000009fc012a0        0x8
 *(.vector_5)
 .vector_5      0x000000009fc012a0        0x8 /Applications/microchip/xc32/v2.40/bin/bin/../../lib/gcc/pic32mx/4.8.3/../../../../pic32mx/lib/libpic32.a(vector5.o)
                0x000000009fc012a0                __vector_dispatch_5
                0x0000000000000001                ASSERT (((_vector_spacing == 0x0) || (SIZEOF (.vector_5) <= (_vector_spacing << 0x5))), function at exception vector 5 too large)

.vector_6       0x000000009fc012c0        0x8
 *(.vector_6)
 .vector_6      0x000000009fc012c0        0x8 /Applications/microchip/xc32/v2.40/bin/bin/../../lib/gcc/pic32mx/4.8.3/../../../../pic32mx/lib/libpic32.a(vector6.o)
                0x000000009fc012c0                __vector_dispatch_6
                0x0000000000000001                ASSERT (((_vector_spacing == 0x0) || (SIZEOF (.vector_6) <= (_vector_spacing << 0x5))), function at exception vector 6 too large)

.vector_7       0x000000009fc012e0        0x8
 *(.vector_7)
 .vector_7      0x000000009fc012e0        0x8 /Applications/microchip/xc32/v2.40/bin/bin/../../lib/gcc/pic32mx/4.8.3/../../../../pic32mx/lib/libpic32.a(vector7.o)
                0x000000009fc012e0                __vector_dispatch_7
                0x0000000000000001                ASSERT (((_vector_spacing == 0x0) || (SIZEOF (.vector_7) <= (_vector_spacing << 0x5))), function at exception vector 7 too large)

.vector_8       0x000000009fc01300        0x8
 *(.vector_8)
 .vector_8      0x000000009fc01300        0x8 /Applications/microchip/xc32/v2.40/bin/bin/../../lib/gcc/pic32mx/4.8.3/../../../../pic32mx/lib/libpic32.a(vector8.o)
                0x000000009fc01300                __vector_dispatch_8
                0x0000000000000001                ASSERT (((_vector_spacing == 0x0) || (SIZEOF (.vector_8) <= (_vector_spacing << 0x5))), function at exception vector 8 too large)

.vector_9       0x000000009fc01320        0x8
 *(.vector_9)
 .vector_9      0x000000009fc01320        0x8 /Applications/microchip/xc32/v2.40/bin/bin/../../lib/gcc/pic32mx/4.8.3/../../../../pic32mx/lib/libpic32.a(vector9.o)
                0x000000009fc01320                __vector_dispatch_9
                0x0000000000000001                ASSERT (((_vector_spacing == 0x0) || (SIZEOF (.vector_9) <= (_vector_spacing << 0x5))), function at exception vector 9 too large)

.vector_10      0x000000009fc01340        0x8
 *(.vector_10)
 .vector_10     0x000000009fc01340        0x8 /Applications/microchip/xc32/v2.40/bin/bin/../../lib/gcc/pic32mx/4.8.3/../../../../pic32mx/lib/libpic32.a(vector10.o)
                0x000000009fc01340                __vector_dispatch_10
                0x0000000000000001                ASSERT (((_vector_spacing == 0x0) || (SIZEOF (.vector_10) <= (_vector_spacing << 0x5))), function at exception vector 10 too large)

.vector_11      0x000000009fc01360        0x8
 *(.vector_11)
 .vector_11     0x000000009fc01360        0x8 /Applications/microchip/xc32/v2.40/bin/bin/../../lib/gcc/pic32mx/4.8.3/../../../../pic32mx/lib/libpic32.a(vector11.o)
                0x000000009fc01360                __vector_dispatch_11
                0x0000000000000001                ASSERT (((_vector_spacing == 0x0) || (SIZEOF (.vector_11) <= (_vector_spacing << 0x5))), function at exception vector 11 too large)

.vector_12      0x000000009fc01380        0x8
 *(.vector_12)
 .vector_12     0x000000009fc01380        0x8 /Applications/microchip/xc32/v2.40/bin/bin/../../lib/gcc/pic32mx/4.8.3/../../../../pic32mx/lib/libpic32.a(vector12.o)
                0x000000009fc01380                __vector_dispatch_12
                0x0000000000000001                ASSERT (((_vector_spacing == 0x0) || (SIZEOF (.vector_12) <= (_vector_spacing << 0x5))), function at exception vector 12 too large)

.vector_13      0x000000009fc013a0        0x8
 *(.vector_13)
 .vector_13     0x000000009fc013a0        0x8 /Applications/microchip/xc32/v2.40/bin/bin/../../lib/gcc/pic32mx/4.8.3/../../../../pic32mx/lib/libpic32.a(vector13.o)
                0x000000009fc013a0                __vector_dispatch_13
                0x0000000000000001                ASSERT (((_vector_spacing == 0x0) || (SIZEOF (.vector_13) <= (_vector_spacing << 0x5))), function at exception vector 13 too large)

.vector_14      0x000000009fc013c0        0x8
 *(.vector_14)
 .vector_14     0x000000009fc013c0        0x8 /Applications/microchip/xc32/v2.40/bin/bin/../../lib/gcc/pic32mx/4.8.3/../../../../pic32mx/lib/libpic32.a(vector14.o)
                0x000000009fc013c0                __vector_dispatch_14
                0x0000000000000001                ASSERT (((_vector_spacing == 0x0) || (SIZEOF (.vector_14) <= (_vector_spacing << 0x5))), function at exception vector 14 too large)

.vector_15      0x000000009fc013e0        0x8
 *(.vector_15)
 .vector_15     0x000000009fc013e0        0x8 /Applications/microchip/xc32/v2.40/bin/bin/../../lib/gcc/pic32mx/4.8.3/../../../../pic32mx/lib/libpic32.a(vector15.o)
                0x000000009fc013e0                __vector_dispatch_15
                0x0000000000000001                ASSERT (((_vector_spacing == 0x0) || (SIZEOF (.vector_15) <= (_vector_spacing << 0x5))), function at exception vector 15 too large)

.vector_16      0x000000009fc01400        0x8
 *(.vector_16)
 .vector_16     0x000000009fc01400        0x8 /Applications/microchip/xc32/v2.40/bin/bin/../../lib/gcc/pic32mx/4.8.3/../../../../pic32mx/lib/libpic32.a(vector16.o)
                0x000000009fc01400                __vector_dispatch_16
                0x0000000000000001                ASSERT (((_vector_spacing == 0x0) || (SIZEOF (.vector_16) <= (_vector_spacing << 0x5))), function at exception vector 16 too large)

.vector_17      0x000000009fc01420        0x8
 *(.vector_17)
 .vector_17     0x000000009fc01420        0x8 /Applications/microchip/xc32/v2.40/bin/bin/../../lib/gcc/pic32mx/4.8.3/../../../../pic32mx/lib/libpic32.a(vector17.o)
                0x000000009fc01420                __vector_dispatch_17
                0x0000000000000001                ASSERT (((_vector_spacing == 0x0) || (SIZEOF (.vector_17) <= (_vector_spacing << 0x5))), function at exception vector 17 too large)

.vector_18      0x000000009fc01440        0x8
 *(.vector_18)
 .vector_18     0x000000009fc01440        0x8 /Applications/microchip/xc32/v2.40/bin/bin/../../lib/gcc/pic32mx/4.8.3/../../../../pic32mx/lib/libpic32.a(vector18.o)
                0x000000009fc01440                __vector_dispatch_18
                0x0000000000000001                ASSERT (((_vector_spacing == 0x0) || (SIZEOF (.vector_18) <= (_vector_spacing << 0x5))), function at exception vector 18 too large)

.vector_19      0x000000009fc01460        0x8
 *(.vector_19)
 .vector_19     0x000000009fc01460        0x8 /Applications/microchip/xc32/v2.40/bin/bin/../../lib/gcc/pic32mx/4.8.3/../../../../pic32mx/lib/libpic32.a(vector19.o)
                0x000000009fc01460                __vector_dispatch_19
                0x0000000000000001                ASSERT (((_vector_spacing == 0x0) || (SIZEOF (.vector_19) <= (_vector_spacing << 0x5))), function at exception vector 19 too large)

.vector_20      0x000000009fc01480        0x8
 *(.vector_20)
 .vector_20     0x000000009fc01480        0x8 /Applications/microchip/xc32/v2.40/bin/bin/../../lib/gcc/pic32mx/4.8.3/../../../../pic32mx/lib/libpic32.a(vector20.o)
                0x000000009fc01480                __vector_dispatch_20
                0x0000000000000001                ASSERT (((_vector_spacing == 0x0) || (SIZEOF (.vector_20) <= (_vector_spacing << 0x5))), function at exception vector 20 too large)

.vector_21      0x000000009fc014a0        0x8
 *(.vector_21)
 .vector_21     0x000000009fc014a0        0x8 /Applications/microchip/xc32/v2.40/bin/bin/../../lib/gcc/pic32mx/4.8.3/../../../../pic32mx/lib/libpic32.a(vector21.o)
                0x000000009fc014a0                __vector_dispatch_21
                0x0000000000000001                ASSERT (((_vector_spacing == 0x0) || (SIZEOF (.vector_21) <= (_vector_spacing << 0x5))), function at exception vector 21 too large)

.vector_22      0x000000009fc014c0        0x8
 *(.vector_22)
 .vector_22     0x000000009fc014c0        0x8 /Applications/microchip/xc32/v2.40/bin/bin/../../lib/gcc/pic32mx/4.8.3/../../../../pic32mx/lib/libpic32.a(vector22.o)
                0x000000009fc014c0                __vector_dispatch_22
                0x0000000000000001                ASSERT (((_vector_spacing == 0x0) || (SIZEOF (.vector_22) <= (_vector_spacing << 0x5))), function at exception vector 22 too large)

.vector_23      0x000000009fc014e0        0x8
 *(.vector_23)
 .vector_23     0x000000009fc014e0        0x8 /Applications/microchip/xc32/v2.40/bin/bin/../../lib/gcc/pic32mx/4.8.3/../../../../pic32mx/lib/libpic32.a(vector23.o)
                0x000000009fc014e0                __vector_dispatch_23
                0x0000000000000001                ASSERT (((_vector_spacing == 0x0) || (SIZEOF (.vector_23) <= (_vector_spacing << 0x5))), function at exception vector 23 too large)

.vector_24      0x000000009fc01500        0x8
 *(.vector_24)
 .vector_24     0x000000009fc01500        0x8 /Applications/microchip/xc32/v2.40/bin/bin/../../lib/gcc/pic32mx/4.8.3/../../../../pic32mx/lib/libpic32.a(vector24.o)
                0x000000009fc01500                __vector_dispatch_24
                0x0000000000000001                ASSERT (((_vector_spacing == 0x0) || (SIZEOF (.vector_24) <= (_vector_spacing << 0x5))), function at exception vector 24 too large)

.vector_25      0x000000009fc01520        0x8
 *(.vector_25)
 .vector_25     0x000000009fc01520        0x8 /Applications/microchip/xc32/v2.40/bin/bin/../../lib/gcc/pic32mx/4.8.3/../../../../pic32mx/lib/libpic32.a(vector25.o)
                0x000000009fc01520                __vector_dispatch_25
                0x0000000000000001                ASSERT (((_vector_spacing == 0x0) || (SIZEOF (.vector_25) <= (_vector_spacing << 0x5))), function at exception vector 25 too large)

.vector_26      0x000000009fc01540        0x8
 *(.vector_26)
 .vector_26     0x000000009fc01540        0x8 /Applications/microchip/xc32/v2.40/bin/bin/../../lib/gcc/pic32mx/4.8.3/../../../../pic32mx/lib/libpic32.a(vector26.o)
                0x000000009fc01540                __vector_dispatch_26
                0x0000000000000001                ASSERT (((_vector_spacing == 0x0) || (SIZEOF (.vector_26) <= (_vector_spacing << 0x5))), function at exception vector 26 too large)

.vector_27      0x000000009fc01560        0x8
 *(.vector_27)
 .vector_27     0x000000009fc01560        0x8 /Applications/microchip/xc32/v2.40/bin/bin/../../lib/gcc/pic32mx/4.8.3/../../../../pic32mx/lib/libpic32.a(vector27.o)
                0x000000009fc01560                __vector_dispatch_27
                0x0000000000000001                ASSERT (((_vector_spacing == 0x0) || (SIZEOF (.vector_27) <= (_vector_spacing << 0x5))), function at exception vector 27 too large)

.vector_28      0x000000009fc01580        0x8
 *(.vector_28)
 .vector_28     0x000000009fc01580        0x8 /Applications/microchip/xc32/v2.40/bin/bin/../../lib/gcc/pic32mx/4.8.3/../../../../pic32mx/lib/libpic32.a(vector28.o)
                0x000000009fc01580                __vector_dispatch_28
                0x0000000000000001                ASSERT (((_vector_spacing == 0x0) || (SIZEOF (.vector_28) <= (_vector_spacing << 0x5))), function at exception vector 28 too large)

.vector_29      0x000000009fc015a0        0x8
 *(.vector_29)
 .vector_29     0x000000009fc015a0        0x8 /Applications/microchip/xc32/v2.40/bin/bin/../../lib/gcc/pic32mx/4.8.3/../../../../pic32mx/lib/libpic32.a(vector29.o)
                0x000000009fc015a0                __vector_dispatch_29
                0x0000000000000001                ASSERT (((_vector_spacing == 0x0) || (SIZEOF (.vector_29) <= (_vector_spacing << 0x5))), function at exception vector 29 too large)

.vector_30      0x000000009fc015c0        0x8
 *(.vector_30)
 .vector_30     0x000000009fc015c0        0x8 /Applications/microchip/xc32/v2.40/bin/bin/../../lib/gcc/pic32mx/4.8.3/../../../../pic32mx/lib/libpic32.a(vector30.o)
                0x000000009fc015c0                __vector_dispatch_30
                0x0000000000000001                ASSERT (((_vector_spacing == 0x0) || (SIZEOF (.vector_30) <= (_vector_spacing << 0x5))), function at exception vector 30 too large)

.vector_31      0x000000009fc015e0        0x8
 *(.vector_31)
 .vector_31     0x000000009fc015e0        0x8 /Applications/microchip/xc32/v2.40/bin/bin/../../lib/gcc/pic32mx/4.8.3/../../../../pic32mx/lib/libpic32.a(vector31.o)
                0x000000009fc015e0                __vector_dispatch_31
                0x0000000000000001                ASSERT (((_vector_spacing == 0x0) || (SIZEOF (.vector_31) <= (_vector_spacing << 0x5))), function at exception vector 31 too large)

.vector_32      0x000000009fc01600        0x8
 *(.vector_32)
 .vector_32     0x000000009fc01600        0x8 /Applications/microchip/xc32/v2.40/bin/bin/../../lib/gcc/pic32mx/4.8.3/../../../../pic32mx/lib/libpic32.a(vector32.o)
                0x000000009fc01600                __vector_dispatch_32
                0x0000000000000001                ASSERT (((_vector_spacing == 0x0) || (SIZEOF (.vector_32) <= (_vector_spacing << 0x5))), function at exception vector 32 too large)

.vector_33      0x000000009fc01620        0x8
 *(.vector_33)
 .vector_33     0x000000009fc01620        0x8 /Applications/microchip/xc32/v2.40/bin/bin/../../lib/gcc/pic32mx/4.8.3/../../../../pic32mx/lib/libpic32.a(vector33.o)
                0x000000009fc01620                __vector_dispatch_33
                0x0000000000000001                ASSERT (((_vector_spacing == 0x0) || (SIZEOF (.vector_33) <= (_vector_spacing << 0x5))), function at exception vector 33 too large)

.vector_34      0x000000009fc01640        0x8
 *(.vector_34)
 .vector_34     0x000000009fc01640        0x8 /Applications/microchip/xc32/v2.40/bin/bin/../../lib/gcc/pic32mx/4.8.3/../../../../pic32mx/lib/libpic32.a(vector34.o)
                0x000000009fc01640                __vector_dispatch_34
                0x0000000000000001                ASSERT (((_vector_spacing == 0x0) || (SIZEOF (.vector_34) <= (_vector_spacing << 0x5))), function at exception vector 34 too large)

.vector_35      0x000000009fc01660        0x8
 *(.vector_35)
 .vector_35     0x000000009fc01660        0x8 /Applications/microchip/xc32/v2.40/bin/bin/../../lib/gcc/pic32mx/4.8.3/../../../../pic32mx/lib/libpic32.a(vector35.o)
                0x000000009fc01660                __vector_dispatch_35
                0x0000000000000001                ASSERT (((_vector_spacing == 0x0) || (SIZEOF (.vector_35) <= (_vector_spacing << 0x5))), function at exception vector 35 too large)

.vector_36      0x000000009fc01680        0x8
 *(.vector_36)
 .vector_36     0x000000009fc01680        0x8 /Applications/microchip/xc32/v2.40/bin/bin/../../lib/gcc/pic32mx/4.8.3/../../../../pic32mx/lib/libpic32.a(vector36.o)
                0x000000009fc01680                __vector_dispatch_36
                0x0000000000000001                ASSERT (((_vector_spacing == 0x0) || (SIZEOF (.vector_36) <= (_vector_spacing << 0x5))), function at exception vector 36 too large)

.vector_37      0x000000009fc016a0        0x8
 *(.vector_37)
 .vector_37     0x000000009fc016a0        0x8 /Applications/microchip/xc32/v2.40/bin/bin/../../lib/gcc/pic32mx/4.8.3/../../../../pic32mx/lib/libpic32.a(vector37.o)
                0x000000009fc016a0                __vector_dispatch_37
                0x0000000000000001                ASSERT (((_vector_spacing == 0x0) || (SIZEOF (.vector_37) <= (_vector_spacing << 0x5))), function at exception vector 37 too large)

.vector_38      0x000000009fc016c0        0x8
 *(.vector_38)
 .vector_38     0x000000009fc016c0        0x8 /Applications/microchip/xc32/v2.40/bin/bin/../../lib/gcc/pic32mx/4.8.3/../../../../pic32mx/lib/libpic32.a(vector38.o)
                0x000000009fc016c0                __vector_dispatch_38
                0x0000000000000001                ASSERT (((_vector_spacing == 0x0) || (SIZEOF (.vector_38) <= (_vector_spacing << 0x5))), function at exception vector 38 too large)

.vector_39      0x000000009fc016e0        0x8
 *(.vector_39)
 .vector_39     0x000000009fc016e0        0x8 /Applications/microchip/xc32/v2.40/bin/bin/../../lib/gcc/pic32mx/4.8.3/../../../../pic32mx/lib/libpic32.a(vector39.o)
                0x000000009fc016e0                __vector_dispatch_39
                0x0000000000000001                ASSERT (((_vector_spacing == 0x0) || (SIZEOF (.vector_39) <= (_vector_spacing << 0x5))), function at exception vector 39 too large)

.vector_40      0x000000009fc01700        0x8
 *(.vector_40)
 .vector_40     0x000000009fc01700        0x8 /Applications/microchip/xc32/v2.40/bin/bin/../../lib/gcc/pic32mx/4.8.3/../../../../pic32mx/lib/libpic32.a(vector40.o)
                0x000000009fc01700                __vector_dispatch_40
                0x0000000000000001                ASSERT (((_vector_spacing == 0x0) || (SIZEOF (.vector_40) <= (_vector_spacing << 0x5))), function at exception vector 40 too large)

.vector_41      0x000000009fc01720        0x8
 *(.vector_41)
 .vector_41     0x000000009fc01720        0x8 /Applications/microchip/xc32/v2.40/bin/bin/../../lib/gcc/pic32mx/4.8.3/../../../../pic32mx/lib/libpic32.a(vector41.o)
                0x000000009fc01720                __vector_dispatch_41
                0x0000000000000001                ASSERT (((_vector_spacing == 0x0) || (SIZEOF (.vector_41) <= (_vector_spacing << 0x5))), function at exception vector 41 too large)

.vector_42      0x000000009fc01740        0x8
 *(.vector_42)
 .vector_42     0x000000009fc01740        0x8 /Applications/microchip/xc32/v2.40/bin/bin/../../lib/gcc/pic32mx/4.8.3/../../../../pic32mx/lib/libpic32.a(vector42.o)
                0x000000009fc01740                __vector_dispatch_42
                0x0000000000000001                ASSERT (((_vector_spacing == 0x0) || (SIZEOF (.vector_42) <= (_vector_spacing << 0x5))), function at exception vector 42 too large)

.vector_43      0x000000009fc01760        0x8
 *(.vector_43)
 .vector_43     0x000000009fc01760        0x8 /Applications/microchip/xc32/v2.40/bin/bin/../../lib/gcc/pic32mx/4.8.3/../../../../pic32mx/lib/libpic32.a(vector43.o)
                0x000000009fc01760                __vector_dispatch_43
                0x0000000000000001                ASSERT (((_vector_spacing == 0x0) || (SIZEOF (.vector_43) <= (_vector_spacing << 0x5))), function at exception vector 43 too large)

.vector_44      0x000000009fc01780        0x8
 *(.vector_44)
 .vector_44     0x000000009fc01780        0x8 /Applications/microchip/xc32/v2.40/bin/bin/../../lib/gcc/pic32mx/4.8.3/../../../../pic32mx/lib/libpic32.a(vector44.o)
                0x000000009fc01780                __vector_dispatch_44
                0x0000000000000001                ASSERT (((_vector_spacing == 0x0) || (SIZEOF (.vector_44) <= (_vector_spacing << 0x5))), function at exception vector 44 too large)

.vector_45      0x000000009fc017a0        0x0
 *(.vector_45)
                0x0000000000000001                ASSERT (((_vector_spacing == 0x0) || (SIZEOF (.vector_45) <= (_vector_spacing << 0x5))), function at exception vector 45 too large)

.vector_46      0x000000009fc017c0        0x0
 *(.vector_46)
                0x0000000000000001                ASSERT (((_vector_spacing == 0x0) || (SIZEOF (.vector_46) <= (_vector_spacing << 0x5))), function at exception vector 46 too large)

.vector_47      0x000000009fc017e0        0x0
 *(.vector_47)
                0x0000000000000001                ASSERT (((_vector_spacing == 0x0) || (SIZEOF (.vector_47) <= (_vector_spacing << 0x5))), function at exception vector 47 too large)

.vector_48      0x000000009fc01800        0x0
 *(.vector_48)
                0x0000000000000001                ASSERT (((_vector_spacing == 0x0) || (SIZEOF (.vector_48) <= (_vector_spacing << 0x5))), function at exception vector 48 too large)

.vector_49      0x000000009fc01820        0x0
 *(.vector_49)
                0x0000000000000001                ASSERT (((_vector_spacing == 0x0) || (SIZEOF (.vector_49) <= (_vector_spacing << 0x5))), function at exception vector 49 too large)

.vector_50      0x000000009fc01840        0x0
 *(.vector_50)
                0x0000000000000001                ASSERT (((_vector_spacing == 0x0) || (SIZEOF (.vector_50) <= (_vector_spacing << 0x5))), function at exception vector 50 too large)

.vector_51      0x000000009fc01860        0x0
 *(.vector_51)
                0x0000000000000001                ASSERT (((_vector_spacing == 0x0) || (SIZEOF (.vector_51) <= (_vector_spacing << 0x5))), function at exception vector 51 too large)

.vector_52      0x000000009fc01880        0x0
 *(.vector_52)
                0x0000000000000001                ASSERT (((_vector_spacing == 0x0) || (SIZEOF (.vector_52) <= (_vector_spacing << 0x5))), function at exception vector 52 too large)

.vector_53      0x000000009fc018a0        0x0
 *(.vector_53)
                0x0000000000000001                ASSERT (((_vector_spacing == 0x0) || (SIZEOF (.vector_53) <= (_vector_spacing << 0x5))), function at exception vector 53 too large)

.vector_54      0x000000009fc018c0        0x0
 *(.vector_54)
                0x0000000000000001                ASSERT (((_vector_spacing == 0x0) || (SIZEOF (.vector_54) <= (_vector_spacing << 0x5))), function at exception vector 54 too large)

.vector_55      0x000000009fc018e0        0x0
 *(.vector_55)
                0x0000000000000001                ASSERT (((_vector_spacing == 0x0) || (SIZEOF (.vector_55) <= (_vector_spacing << 0x5))), function at exception vector 55 too large)

.vector_56      0x000000009fc01900        0x0
 *(.vector_56)
                0x0000000000000001                ASSERT (((_vector_spacing == 0x0) || (SIZEOF (.vector_56) <= (_vector_spacing << 0x5))), function at exception vector 56 too large)

.vector_57      0x000000009fc01920        0x0
 *(.vector_57)
                0x0000000000000001                ASSERT (((_vector_spacing == 0x0) || (SIZEOF (.vector_57) <= (_vector_spacing << 0x5))), function at exception vector 57 too large)

.vector_58      0x000000009fc01940        0x0
 *(.vector_58)
                0x0000000000000001                ASSERT (((_vector_spacing == 0x0) || (SIZEOF (.vector_58) <= (_vector_spacing << 0x5))), function at exception vector 58 too large)

.vector_59      0x000000009fc01960        0x0
 *(.vector_59)
                0x0000000000000001                ASSERT (((_vector_spacing == 0x0) || (SIZEOF (.vector_59) <= (_vector_spacing << 0x5))), function at exception vector 59 too large)

.vector_60      0x000000009fc01980        0x0
 *(.vector_60)
                0x0000000000000001                ASSERT (((_vector_spacing == 0x0) || (SIZEOF (.vector_60) <= (_vector_spacing << 0x5))), function at exception vector 60 too large)

.vector_61      0x000000009fc019a0        0x0
 *(.vector_61)
                0x0000000000000001                ASSERT (((_vector_spacing == 0x0) || (SIZEOF (.vector_61) <= (_vector_spacing << 0x5))), function at exception vector 61 too large)

.vector_62      0x000000009fc019c0        0x0
 *(.vector_62)
                0x0000000000000001                ASSERT (((_vector_spacing == 0x0) || (SIZEOF (.vector_62) <= (_vector_spacing << 0x5))), function at exception vector 62 too large)

.vector_63      0x000000009fc019e0        0x0
 *(.vector_63)
                0x0000000000000001                ASSERT (((_vector_spacing == 0x0) || (SIZEOF (.vector_63) <= (_vector_spacing << 0x5))), function at exception vector 63 too large)

.startup
 *(.startup)

.text           0x000000009d000000        0x0
 *(.stub .gnu.linkonce.t.*)
 *(.text.*personality*)
 *(.mips16.fn.*)
 *(.mips16.call.*)
 *(.gnu.warning)
                0x000000009d000000                . = ALIGN (0x4)

.init           0x000000009d000000        0x0
 *crti.o(.init)
 *crtbegin.o(.init)
 *(EXCLUDE_FILE(*crtn.o *crtend?.o *crtend.o) .init)
 *crtend.o(.init)
 *crtn.o(.init)
                0x000000009d000000                . = ALIGN (0x4)

.fini           0x000000009d000000        0x0
 *(.fini)
                0x000000009d000000                . = ALIGN (0x4)

.preinit_array  0x000000009d000000        0x0
                0x000000009d000000                PROVIDE (__preinit_array_start, .)
 *(.preinit_array)
                0x000000009d000000                PROVIDE (__preinit_array_end, .)
                0x000000009d000000                . = ALIGN (0x4)

.init_array     0x000000009d000000        0x0
                0x000000009d000000                PROVIDE (__init_array_start, .)
 *(SORT(.init_array.*))
 *(.init_array)
                0x000000009d000000                PROVIDE (__init_array_end, .)
                0x000000009d000000                . = ALIGN (0x4)

.fini_array     0x000000009d000000        0x0
                0x000000009d000000                PROVIDE (__fini_array_start, .)
 *(SORT(.fini_array.*))
 *(.fini_array)
                0x000000009d000000                PROVIDE (__fini_array_end, .)
                0x000000009d000000                . = ALIGN (0x4)

.ctors          0x000000009d000000        0x0
 *crtbegin.o(.ctors)
 *crtbegin?.o(.ctors)
 *(EXCLUDE_FILE(*crtend?.o *crtend.o) .ctors)
 *(SORT(.ctors.*))
 *(.ctors)
                0x000000009d000000                . = ALIGN (0x4)

.dtors          0x000000009d000000        0x0
 *crtbegin.o(.dtors)
 *crtbegin?.o(.dtors)
 *(EXCLUDE_FILE(*crtend?.o *crtend.o) .dtors)
 *(SORT(.dtors.*))
 *(.dtors)
                0x000000009d000000                . = ALIGN (0x4)

.rodata         0x000000009d000000        0x0
 *(.gnu.linkonce.r.*)
 *(.rodata1)
                0x000000009d000000                . = ALIGN (0x4)

.sdata2         0x000000009fc00490        0x0
 *(.sdata2 .sdata2.* .gnu.linkonce.s2.*)
                0x000000009fc00490                . = ALIGN (0x4)

.sbss2          0x000000009fc00490        0x0
 *(.sbss2 .sbss2.* .gnu.linkonce.sb2.*)
                0x000000009fc00490                . = ALIGN (0x4)

.eh_frame_hdr
 *(.eh_frame_hdr)
                0x000000009fc00490                . = ALIGN (0x4)

.eh_frame
 *(.eh_frame)
                0x000000009fc00490                . = ALIGN (0x4)

.gcc_except_table
 *(.gcc_except_table .gcc_except_table.*)
                0x000000009fc00490                . = ALIGN (0x4)

.dbg_data       0x00000000a0000000        0x0
                0x00000000a0000000                . = (. + DEFINED (_DEBUGGER)?0x200:0x0)

.jcr            0x00000000a0000000        0x0
 *(.jcr)
                0x00000000a0000000                . = ALIGN (0x4)

.eh_frame
 *(.eh_frame)
                0x00000000a0000000                . = ALIGN (0x4)

.gcc_except_table
 *(.gcc_except_table .gcc_except_table.*)
                0x00000000a0000000                . = ALIGN (0x4)

.persist        0x00000000a0000000        0x0
                0x00000000a0000000                _persist_begin = .
 *(.persist .persist.*)
 *(.pbss .pbss.*)
                0x00000000a0000000                . = ALIGN (0x4)
                0x00000000a0000000                _persist_end = .

.data           0x00000000a0000000        0x0
 *(.gnu.linkonce.d.*)
 *(.data1)
                0x00000000a0000000                . = ALIGN (0x4)
                0x00000000a0000000                . = .
                0x00000000a0007ff0                _gp = (ALIGN (0x10) + 0x7ff0)

.got            0x00000000a0000000        0x0
 *(.got.plt)
 *(.got)
                0x00000000a0000000                . = ALIGN (0x4)

.sdata          0x00000000a0000000        0x4
                0x00000000a0000000                _sdata_begin = .
 *(.sdata .sdata.* .gnu.linkonce.s.*)
 .sdata         0x00000000a0000000        0x4 /Applications/microchip/xc32/v2.40/bin/bin/../../lib/gcc/pic32mx/4.8.3/../../../../pic32mx/lib/libpic32.a(xc32_uart.o)
                0x00000000a0000000                __XC_UART
                0x00000000a0000004                . = ALIGN (0x4)
                0x00000000a0000004                _sdata_end = .

.lit8
 *(.lit8)

.lit4
 *(.lit4)
                0x00000000a0000004                . = ALIGN (0x4)
                0x00000000a0000004                _data_end = .
                0x00000000a0000004                _bss_begin = .

.sbss           0x00000000a0000004        0x0
                0x00000000a0000004                _sbss_begin = .
 *(.dynsbss)
 *(.sbss .sbss.* .gnu.linkonce.sb.*)
 *(.scommon)
                0x00000000a0000004                _sbss_end = .
                0x00000000a0000004                . = ALIGN (0x4)

.bss            0x00000000a0000004        0x0
 *(.dynbss)
 *(COMMON)
                0x00000000a0000004                . = ALIGN ((. != 0x0)?0x4:0x1)
                0x00000000a0000004                . = ALIGN (0x4)
                0x00000000a0000004                _end = .
                0x00000000a0000004                _bss_end = .
                0x0000000000008000                _bmxdudba_address = 0x8000
                0x0000000000008000                _bmxdupba_address = 0x8000

/DISCARD/
 *(.pdr)
 *(.rel.dyn)
 *(.note.GNU-stack)
 *(.note.GNU-stack)
 *(.gnu_debuglink)
 *(.gnu.lto_*)
 *(.discard)

.gptab.sdata
 *(.gptab.data)
 *(.gptab.sdata)

.gptab.sbss
 *(.gptab.bss)
 *(.gptab.sbss)

.mdebug.abi32   0x00000000a0000004        0x0
 *(.mdebug.abi32)
 .mdebug.abi32  0x00000000a0000004        0x0 build/default/production/BOARD.o
 .mdebug.abi32  0x00000000a0000004        0x0 build/default/production/stack.o
 .mdebug.abi32  0x00000000a0000004        0x0 build/default/production/rpn.o
 .mdebug.abi32  0x00000000a0000004        0x0 build/default/production/Lab04_main.o
 .mdebug.abi32  0x00000000a0000004        0x0 /Applications/microchip/xc32/v2.40/bin/bin/../../lib/gcc/pic32mx/4.8.3/../../../../pic32mx/lib/libpic32.a(default-bootstrap-exception-handler.o)
 .mdebug.abi32  0x00000000a0000004        0x0 /Applications/microchip/xc32/v2.40/bin/bin/../../lib/gcc/pic32mx/4.8.3/../../../../pic32mx/lib/libpic32.a(default-on-reset.o)
 .mdebug.abi32  0x00000000a0000004        0x0 /Applications/microchip/xc32/v2.40/bin/bin/../../lib/gcc/pic32mx/4.8.3/../../../../pic32mx/lib/libpic32.a(default-on-bootstrap.o)
 .mdebug.abi32  0x00000000a0000004        0x0 /Applications/microchip/xc32/v2.40/bin/bin/../../lib/gcc/pic32mx/4.8.3/../../../../pic32mx/lib/libpic32.a(xc32_uart.o)
 .mdebug.abi32  0x00000000a0000004        0x0 /Applications/microchip/xc32/v2.40/bin/bin/../../lib/gcc/pic32mx/4.8.3/../../../../pic32mx/lib/libpic32.a(default-general-exception-handler.o)
 .mdebug.abi32  0x00000000a0000004        0x0 /Applications/microchip/xc32/v2.40/bin/bin/../../lib/gcc/pic32mx/4.8.3/../../../../pic32mx/lib/libpic32.a(defaultinterrupt.o)
 .mdebug.abi32  0x00000000a0000004        0x0 /Applications/microchip/xc32/v2.40/bin/bin/../../lib/gcc/pic32mx/4.8.3/../../../../pic32mx/lib/libc.a(_iob.o)
 .mdebug.abi32  0x00000000a0000004        0x0 /Applications/microchip/xc32/v2.40/bin/bin/../../lib/gcc/pic32mx/4.8.3/../../../../pic32mx/lib/libc.a(gets.o)
 .mdebug.abi32  0x00000000a0000004        0x0 /Applications/microchip/xc32/v2.40/bin/bin/../../lib/gcc/pic32mx/4.8.3/../../../../pic32mx/lib/libc.a(puts.o)
 .mdebug.abi32  0x00000000a0000004        0x0 /Applications/microchip/xc32/v2.40/bin/bin/../../lib/gcc/pic32mx/4.8.3/../../../../pic32mx/lib/libc.a(rand.o)
 .mdebug.abi32  0x00000000a0000004        0x0 /Applications/microchip/xc32/v2.40/bin/bin/../../lib/gcc/pic32mx/4.8.3/../../../../pic32mx/lib/libc.a(strtok.o)
 .mdebug.abi32  0x00000000a0000004        0x0 /Applications/microchip/xc32/v2.40/bin/bin/../../lib/gcc/pic32mx/4.8.3/../../../../pic32mx/lib/libc.a(datof.o)
 .mdebug.abi32  0x00000000a0000004        0x0 /Applications/microchip/xc32/v2.40/bin/bin/../../lib/gcc/pic32mx/4.8.3/../../../../pic32mx/lib/libc.a(printf_s.eo)
 .mdebug.abi32  0x00000000a0000004        0x0 /Applications/microchip/xc32/v2.40/bin/bin/../../lib/gcc/pic32mx/4.8.3/../../../../pic32mx/lib/libc.a(fgetc.o)
 .mdebug.abi32  0x00000000a0000004        0x0 /Applications/microchip/xc32/v2.40/bin/bin/../../lib/gcc/pic32mx/4.8.3/../../../../pic32mx/lib/libc.a(_fputc_simple.o)
 .mdebug.abi32  0x00000000a0000004        0x0 /Applications/microchip/xc32/v2.40/bin/bin/../../lib/gcc/pic32mx/4.8.3/../../../../pic32mx/lib/libc.a(strcspn.o)
 .mdebug.abi32  0x00000000a0000004        0x0 /Applications/microchip/xc32/v2.40/bin/bin/../../lib/gcc/pic32mx/4.8.3/../../../../pic32mx/lib/libc.a(strspn.o)
 .mdebug.abi32  0x00000000a0000004        0x0 /Applications/microchip/xc32/v2.40/bin/bin/../../lib/gcc/pic32mx/4.8.3/../../../../pic32mx/lib/libc.a(strtod.o)
 .mdebug.abi32  0x00000000a0000004        0x0 /Applications/microchip/xc32/v2.40/bin/bin/../../lib/gcc/pic32mx/4.8.3/../../../../pic32mx/lib/libc.a(doprnt_s.eo)
 .mdebug.abi32  0x00000000a0000004        0x0 /Applications/microchip/xc32/v2.40/bin/bin/../../lib/gcc/pic32mx/4.8.3/../../../../pic32mx/lib/libc.a(filbuf.o)
 .mdebug.abi32  0x00000000a0000004        0x0 /Applications/microchip/xc32/v2.40/bin/bin/../../lib/gcc/pic32mx/4.8.3/../../../../pic32mx/lib/libc.a(_flsbuf_simple.o)
 .mdebug.abi32  0x00000000a0000004        0x0 /Applications/microchip/xc32/v2.40/bin/bin/../../lib/gcc/pic32mx/4.8.3/../../../../pic32mx/lib/libc.a(fflush.o)
 .mdebug.abi32  0x00000000a0000004        0x0 /Applications/microchip/xc32/v2.40/bin/bin/../../lib/gcc/pic32mx/4.8.3/../../../../pic32mx/lib/libc.a(ctype.o)
 .mdebug.abi32  0x00000000a0000004        0x0 /Applications/microchip/xc32/v2.40/bin/bin/../../lib/gcc/pic32mx/4.8.3/../../../../pic32mx/lib/libc.a(strchr.o)
 .mdebug.abi32  0x00000000a0000004        0x0 /Applications/microchip/xc32/v2.40/bin/bin/../../lib/gcc/pic32mx/4.8.3/../../../../pic32mx/lib/libm.a(__strtod.o)
 .mdebug.abi32  0x00000000a0000004        0x0 /Applications/microchip/xc32/v2.40/bin/bin/../../lib/gcc/pic32mx/4.8.3/../../../../pic32mx/lib/libe.a(_ldexp.o)
 .mdebug.abi32  0x00000000a0000004        0x0 /Applications/microchip/xc32/v2.40/bin/bin/../../lib/gcc/pic32mx/4.8.3/libgcc.a(_lshrdi3.o)
 .mdebug.abi32  0x00000000a0000004        0x0 /Applications/microchip/xc32/v2.40/bin/bin/../../lib/gcc/pic32mx/4.8.3/libgcc.a(_ashldi3.o)
 .mdebug.abi32  0x00000000a0000004        0x0 /Applications/microchip/xc32/v2.40/bin/bin/../../lib/gcc/pic32mx/4.8.3/libgcc.a(_udivdi3.o)
 .mdebug.abi32  0x00000000a0000004        0x0 /Applications/microchip/xc32/v2.40/bin/bin/../../lib/gcc/pic32mx/4.8.3/libgcc.a(_umoddi3.o)
 .mdebug.abi32  0x00000000a0000004        0x0 /Applications/microchip/xc32/v2.40/bin/bin/../../lib/gcc/pic32mx/4.8.3/../../../../pic32mx/lib/libpic32.a(write.o)
 .mdebug.abi32  0x00000000a0000004        0x0 /Applications/microchip/xc32/v2.40/bin/bin/../../lib/gcc/pic32mx/4.8.3/../../../../pic32mx/lib/libpic32.a(errno.o)
 .mdebug.abi32  0x00000000a0000004        0x0 /Applications/microchip/xc32/v2.40/bin/bin/../../lib/gcc/pic32mx/4.8.3/../../../../pic32mx/lib/libpic32.a(_mon_putc.o)

.mdebug.abiN32
 *(.mdebug.abiN32)

.mdebug.abi64
 *(.mdebug.abi64)

.mdebug.abiO64
 *(.mdebug.abiO64)

.mdebug.eabi32
 *(.mdebug.eabi32)

.mdebug.eabi64
 *(.mdebug.eabi64)

.gcc_compiled_long32
 *(.gcc_compiled_long32)

.gcc_compiled_long64
 *(.gcc_compiled_long64)

.stab
 *(.stab)

.stabstr
 *(.stabstr)

.stab.excl
 *(.stab.excl)

.stab.exclstr
 *(.stab.exclstr)

.stab.index
 *(.stab.index)

.stab.indexstr
 *(.stab.indexstr)

.comment        0x0000000000000000      0x1a8
 *(.comment)
 .comment       0x0000000000000000       0x3c build/default/production/BOARD.o
                                         0x3d (size before relaxing)
 .comment       0x0000000000000000       0x3d build/default/production/stack.o
 .comment       0x0000000000000000       0x3d build/default/production/rpn.o
 .comment       0x0000000000000000       0x3d build/default/production/Lab04_main.o
 .comment       0x000000000000003c       0x18 /Applications/microchip/xc32/v2.40/bin/bin/../../lib/gcc/pic32mx/4.8.3/../../../../pic32mx/lib/libpic32.a(memset.o)
                                         0x19 (size before relaxing)
 .comment       0x0000000000000000       0x3d /Applications/microchip/xc32/v2.40/bin/bin/../../lib/gcc/pic32mx/4.8.3/../../../../pic32mx/lib/libpic32.a(default-bootstrap-exception-handler.o)
 .comment       0x0000000000000000       0x3d /Applications/microchip/xc32/v2.40/bin/bin/../../lib/gcc/pic32mx/4.8.3/../../../../pic32mx/lib/libpic32.a(default-on-reset.o)
 .comment       0x0000000000000000       0x3d /Applications/microchip/xc32/v2.40/bin/bin/../../lib/gcc/pic32mx/4.8.3/../../../../pic32mx/lib/libpic32.a(default-on-bootstrap.o)
 .comment       0x0000000000000000       0x3d /Applications/microchip/xc32/v2.40/bin/bin/../../lib/gcc/pic32mx/4.8.3/../../../../pic32mx/lib/libpic32.a(xc32_uart.o)
 .comment       0x0000000000000000       0x3d /Applications/microchip/xc32/v2.40/bin/bin/../../lib/gcc/pic32mx/4.8.3/../../../../pic32mx/lib/libpic32.a(default-general-exception-handler.o)
 .comment       0x0000000000000000       0x3d /Applications/microchip/xc32/v2.40/bin/bin/../../lib/gcc/pic32mx/4.8.3/../../../../pic32mx/lib/libpic32.a(defaultinterrupt.o)
 .comment       0x0000000000000000       0x3d /Applications/microchip/xc32/v2.40/bin/bin/../../lib/gcc/pic32mx/4.8.3/../../../../pic32mx/lib/libc.a(_iob.o)
 .comment       0x0000000000000000       0x3d /Applications/microchip/xc32/v2.40/bin/bin/../../lib/gcc/pic32mx/4.8.3/../../../../pic32mx/lib/libc.a(gets.o)
 .comment       0x0000000000000000       0x3d /Applications/microchip/xc32/v2.40/bin/bin/../../lib/gcc/pic32mx/4.8.3/../../../../pic32mx/lib/libc.a(puts.o)
 .comment       0x0000000000000000       0x3d /Applications/microchip/xc32/v2.40/bin/bin/../../lib/gcc/pic32mx/4.8.3/../../../../pic32mx/lib/libc.a(rand.o)
 .comment       0x0000000000000000       0x3d /Applications/microchip/xc32/v2.40/bin/bin/../../lib/gcc/pic32mx/4.8.3/../../../../pic32mx/lib/libc.a(strtok.o)
 .comment       0x0000000000000000       0x3d /Applications/microchip/xc32/v2.40/bin/bin/../../lib/gcc/pic32mx/4.8.3/../../../../pic32mx/lib/libc.a(datof.o)
 .comment       0x0000000000000000       0x3d /Applications/microchip/xc32/v2.40/bin/bin/../../lib/gcc/pic32mx/4.8.3/../../../../pic32mx/lib/libc.a(printf_s.eo)
 .comment       0x0000000000000000       0x3d /Applications/microchip/xc32/v2.40/bin/bin/../../lib/gcc/pic32mx/4.8.3/../../../../pic32mx/lib/libc.a(fgetc.o)
 .comment       0x0000000000000000       0x3d /Applications/microchip/xc32/v2.40/bin/bin/../../lib/gcc/pic32mx/4.8.3/../../../../pic32mx/lib/libc.a(_fputc_simple.o)
 .comment       0x0000000000000000       0x3d /Applications/microchip/xc32/v2.40/bin/bin/../../lib/gcc/pic32mx/4.8.3/../../../../pic32mx/lib/libc.a(strcspn.o)
 .comment       0x0000000000000000       0x3d /Applications/microchip/xc32/v2.40/bin/bin/../../lib/gcc/pic32mx/4.8.3/../../../../pic32mx/lib/libc.a(strspn.o)
 .comment       0x0000000000000000       0x3d /Applications/microchip/xc32/v2.40/bin/bin/../../lib/gcc/pic32mx/4.8.3/../../../../pic32mx/lib/libc.a(strtod.o)
 .comment       0x0000000000000000       0x3d /Applications/microchip/xc32/v2.40/bin/bin/../../lib/gcc/pic32mx/4.8.3/../../../../pic32mx/lib/libc.a(doprnt_s.eo)
 .comment       0x0000000000000000       0x3d /Applications/microchip/xc32/v2.40/bin/bin/../../lib/gcc/pic32mx/4.8.3/../../../../pic32mx/lib/libc.a(filbuf.o)
 .comment       0x0000000000000000       0x3d /Applications/microchip/xc32/v2.40/bin/bin/../../lib/gcc/pic32mx/4.8.3/../../../../pic32mx/lib/libc.a(_flsbuf_simple.o)
 .comment       0x0000000000000000       0x3d /Applications/microchip/xc32/v2.40/bin/bin/../../lib/gcc/pic32mx/4.8.3/../../../../pic32mx/lib/libc.a(fflush.o)
 .comment       0x0000000000000054       0x4e /Applications/microchip/xc32/v2.40/bin/bin/../../lib/gcc/pic32mx/4.8.3/../../../../pic32mx/lib/libc.a(ctype.o)
                                         0x8b (size before relaxing)
 .comment       0x0000000000000000       0x3d /Applications/microchip/xc32/v2.40/bin/bin/../../lib/gcc/pic32mx/4.8.3/../../../../pic32mx/lib/libc.a(strchr.o)
 .comment       0x00000000000000a2       0x9d /Applications/microchip/xc32/v2.40/bin/bin/../../lib/gcc/pic32mx/4.8.3/../../../../pic32mx/lib/libm.a(__strtod.o)
                                         0xda (size before relaxing)
 .comment       0x000000000000013f       0x50 /Applications/microchip/xc32/v2.40/bin/bin/../../lib/gcc/pic32mx/4.8.3/../../../../pic32mx/lib/libe.a(_ldexp.o)
                                         0xdb (size before relaxing)
 .comment       0x0000000000000000       0x3d /Applications/microchip/xc32/v2.40/bin/bin/../../lib/gcc/pic32mx/4.8.3/libgcc.a(_lshrdi3.o)
 .comment       0x0000000000000000       0x3d /Applications/microchip/xc32/v2.40/bin/bin/../../lib/gcc/pic32mx/4.8.3/libgcc.a(_ashldi3.o)
 .comment       0x0000000000000000       0x3d /Applications/microchip/xc32/v2.40/bin/bin/../../lib/gcc/pic32mx/4.8.3/libgcc.a(_udivdi3.o)
 .comment       0x0000000000000000       0x3d /Applications/microchip/xc32/v2.40/bin/bin/../../lib/gcc/pic32mx/4.8.3/libgcc.a(_umoddi3.o)
 .comment       0x000000000000018f       0x19 /Applications/microchip/xc32/v2.40/bin/bin/../../lib/gcc/pic32mx/4.8.3/../../../../pic32mx/lib/libpic32.a(strlen.o)
                                         0x1a (size before relaxing)
 .comment       0x0000000000000000       0x3d /Applications/microchip/xc32/v2.40/bin/bin/../../lib/gcc/pic32mx/4.8.3/../../../../pic32mx/lib/libpic32.a(write.o)
 .comment       0x0000000000000000       0x3d /Applications/microchip/xc32/v2.40/bin/bin/../../lib/gcc/pic32mx/4.8.3/../../../../pic32mx/lib/libpic32.a(errno.o)
 .comment       0x0000000000000000       0x3d /Applications/microchip/xc32/v2.40/bin/bin/../../lib/gcc/pic32mx/4.8.3/../../../../pic32mx/lib/libpic32.a(_mon_putc.o)

.debug
 *(.debug)

.line
 *(.line)

.debug_srcinfo
 *(.debug_srcinfo)

.debug_sfnames
 *(.debug_sfnames)

.debug_aranges  0x0000000000000000      0x440
 *(.debug_aranges)
 .debug_aranges
                0x0000000000000000       0x20 build/default/production/BOARD.o
 .debug_aranges
                0x0000000000000020       0x20 build/default/production/stack.o
 .debug_aranges
                0x0000000000000040       0x20 build/default/production/rpn.o
 .debug_aranges
                0x0000000000000060       0x20 build/default/production/Lab04_main.o
 .debug_aranges
                0x0000000000000080       0x20 /Applications/microchip/xc32/v2.40/bin/bin/../../lib/gcc/pic32mx/4.8.3/../../../../pic32mx/lib/libpic32.a(default-bootstrap-exception-handler.o)
 .debug_aranges
                0x00000000000000a0       0x20 /Applications/microchip/xc32/v2.40/bin/bin/../../lib/gcc/pic32mx/4.8.3/../../../../pic32mx/lib/libpic32.a(default-on-reset.o)
 .debug_aranges
                0x00000000000000c0       0x20 /Applications/microchip/xc32/v2.40/bin/bin/../../lib/gcc/pic32mx/4.8.3/../../../../pic32mx/lib/libpic32.a(default-on-bootstrap.o)
 .debug_aranges
                0x00000000000000e0       0x20 /Applications/microchip/xc32/v2.40/bin/bin/../../lib/gcc/pic32mx/4.8.3/../../../../pic32mx/lib/libpic32.a(default-general-exception-handler.o)
 .debug_aranges
                0x0000000000000100       0x20 /Applications/microchip/xc32/v2.40/bin/bin/../../lib/gcc/pic32mx/4.8.3/../../../../pic32mx/lib/libpic32.a(defaultinterrupt.o)
 .debug_aranges
                0x0000000000000120       0x28 /Applications/microchip/xc32/v2.40/bin/bin/../../lib/gcc/pic32mx/4.8.3/../../../../pic32mx/lib/libc.a(gets.o)
 .debug_aranges
                0x0000000000000148       0x28 /Applications/microchip/xc32/v2.40/bin/bin/../../lib/gcc/pic32mx/4.8.3/../../../../pic32mx/lib/libc.a(puts.o)
 .debug_aranges
                0x0000000000000170       0x28 /Applications/microchip/xc32/v2.40/bin/bin/../../lib/gcc/pic32mx/4.8.3/../../../../pic32mx/lib/libc.a(rand.o)
 .debug_aranges
                0x0000000000000198       0x20 /Applications/microchip/xc32/v2.40/bin/bin/../../lib/gcc/pic32mx/4.8.3/../../../../pic32mx/lib/libc.a(strtok.o)
 .debug_aranges
                0x00000000000001b8       0x20 /Applications/microchip/xc32/v2.40/bin/bin/../../lib/gcc/pic32mx/4.8.3/../../../../pic32mx/lib/libc.a(datof.o)
 .debug_aranges
                0x00000000000001d8       0x20 /Applications/microchip/xc32/v2.40/bin/bin/../../lib/gcc/pic32mx/4.8.3/../../../../pic32mx/lib/libc.a(printf_s.eo)
 .debug_aranges
                0x00000000000001f8       0x20 /Applications/microchip/xc32/v2.40/bin/bin/../../lib/gcc/pic32mx/4.8.3/../../../../pic32mx/lib/libc.a(fgetc.o)
 .debug_aranges
                0x0000000000000218       0x20 /Applications/microchip/xc32/v2.40/bin/bin/../../lib/gcc/pic32mx/4.8.3/../../../../pic32mx/lib/libc.a(_fputc_simple.o)
 .debug_aranges
                0x0000000000000238       0x20 /Applications/microchip/xc32/v2.40/bin/bin/../../lib/gcc/pic32mx/4.8.3/../../../../pic32mx/lib/libc.a(strcspn.o)
 .debug_aranges
                0x0000000000000258       0x20 /Applications/microchip/xc32/v2.40/bin/bin/../../lib/gcc/pic32mx/4.8.3/../../../../pic32mx/lib/libc.a(strspn.o)
 .debug_aranges
                0x0000000000000278       0x28 /Applications/microchip/xc32/v2.40/bin/bin/../../lib/gcc/pic32mx/4.8.3/../../../../pic32mx/lib/libc.a(strtod.o)
 .debug_aranges
                0x00000000000002a0       0x20 /Applications/microchip/xc32/v2.40/bin/bin/../../lib/gcc/pic32mx/4.8.3/../../../../pic32mx/lib/libc.a(doprnt_s.eo)
 .debug_aranges
                0x00000000000002c0       0x20 /Applications/microchip/xc32/v2.40/bin/bin/../../lib/gcc/pic32mx/4.8.3/../../../../pic32mx/lib/libc.a(filbuf.o)
 .debug_aranges
                0x00000000000002e0       0x20 /Applications/microchip/xc32/v2.40/bin/bin/../../lib/gcc/pic32mx/4.8.3/../../../../pic32mx/lib/libc.a(_flsbuf_simple.o)
 .debug_aranges
                0x0000000000000300       0x20 /Applications/microchip/xc32/v2.40/bin/bin/../../lib/gcc/pic32mx/4.8.3/../../../../pic32mx/lib/libc.a(fflush.o)
 .debug_aranges
                0x0000000000000320       0x20 /Applications/microchip/xc32/v2.40/bin/bin/../../lib/gcc/pic32mx/4.8.3/../../../../pic32mx/lib/libc.a(strchr.o)
 .debug_aranges
                0x0000000000000340       0x20 /Applications/microchip/xc32/v2.40/bin/bin/../../lib/gcc/pic32mx/4.8.3/../../../../pic32mx/lib/libm.a(__strtod.o)
 .debug_aranges
                0x0000000000000360       0x20 /Applications/microchip/xc32/v2.40/bin/bin/../../lib/gcc/pic32mx/4.8.3/../../../../pic32mx/lib/libe.a(_ldexp.o)
 .debug_aranges
                0x0000000000000380       0x20 /Applications/microchip/xc32/v2.40/bin/bin/../../lib/gcc/pic32mx/4.8.3/libgcc.a(_lshrdi3.o)
 .debug_aranges
                0x00000000000003a0       0x20 /Applications/microchip/xc32/v2.40/bin/bin/../../lib/gcc/pic32mx/4.8.3/libgcc.a(_ashldi3.o)
 .debug_aranges
                0x00000000000003c0       0x20 /Applications/microchip/xc32/v2.40/bin/bin/../../lib/gcc/pic32mx/4.8.3/libgcc.a(_udivdi3.o)
 .debug_aranges
                0x00000000000003e0       0x20 /Applications/microchip/xc32/v2.40/bin/bin/../../lib/gcc/pic32mx/4.8.3/libgcc.a(_umoddi3.o)
 .debug_aranges
                0x0000000000000400       0x20 /Applications/microchip/xc32/v2.40/bin/bin/../../lib/gcc/pic32mx/4.8.3/../../../../pic32mx/lib/libpic32.a(write.o)
 .debug_aranges
                0x0000000000000420       0x20 /Applications/microchip/xc32/v2.40/bin/bin/../../lib/gcc/pic32mx/4.8.3/../../../../pic32mx/lib/libpic32.a(_mon_putc.o)

.debug_pubnames
 *(.debug_pubnames)

.debug_info     0x0000000000000000     0x3bf9
 *(.debug_info .gnu.linkonce.wi.*)
 .debug_info    0x0000000000000000      0x97b build/default/production/BOARD.o
 .debug_info    0x000000000000097b      0x352 build/default/production/stack.o
 .debug_info    0x0000000000000ccd      0x3b5 build/default/production/rpn.o
 .debug_info    0x0000000000001082      0x234 build/default/production/Lab04_main.o
 .debug_info    0x00000000000012b6       0xf4 /Applications/microchip/xc32/v2.40/bin/bin/../../lib/gcc/pic32mx/4.8.3/../../../../pic32mx/lib/libpic32.a(default-bootstrap-exception-handler.o)
 .debug_info    0x00000000000013aa       0xcd /Applications/microchip/xc32/v2.40/bin/bin/../../lib/gcc/pic32mx/4.8.3/../../../../pic32mx/lib/libpic32.a(default-on-reset.o)
 .debug_info    0x0000000000001477       0xd5 /Applications/microchip/xc32/v2.40/bin/bin/../../lib/gcc/pic32mx/4.8.3/../../../../pic32mx/lib/libpic32.a(default-on-bootstrap.o)
 .debug_info    0x000000000000154c       0xf0 /Applications/microchip/xc32/v2.40/bin/bin/../../lib/gcc/pic32mx/4.8.3/../../../../pic32mx/lib/libpic32.a(default-general-exception-handler.o)
 .debug_info    0x000000000000163c       0xe7 /Applications/microchip/xc32/v2.40/bin/bin/../../lib/gcc/pic32mx/4.8.3/../../../../pic32mx/lib/libpic32.a(defaultinterrupt.o)
 .debug_info    0x0000000000001723       0xd5 /Applications/microchip/xc32/v2.40/bin/bin/../../lib/gcc/pic32mx/4.8.3/../../../../pic32mx/lib/libc.a(gets.o)
 .debug_info    0x00000000000017f8       0xd5 /Applications/microchip/xc32/v2.40/bin/bin/../../lib/gcc/pic32mx/4.8.3/../../../../pic32mx/lib/libc.a(puts.o)
 .debug_info    0x00000000000018cd       0xdb /Applications/microchip/xc32/v2.40/bin/bin/../../lib/gcc/pic32mx/4.8.3/../../../../pic32mx/lib/libc.a(rand.o)
 .debug_info    0x00000000000019a8       0xc4 /Applications/microchip/xc32/v2.40/bin/bin/../../lib/gcc/pic32mx/4.8.3/../../../../pic32mx/lib/libc.a(strtok.o)
 .debug_info    0x0000000000001a6c       0xc3 /Applications/microchip/xc32/v2.40/bin/bin/../../lib/gcc/pic32mx/4.8.3/../../../../pic32mx/lib/libc.a(datof.o)
 .debug_info    0x0000000000001b2f       0xc7 /Applications/microchip/xc32/v2.40/bin/bin/../../lib/gcc/pic32mx/4.8.3/../../../../pic32mx/lib/libc.a(printf_s.eo)
 .debug_info    0x0000000000001bf6       0xc2 /Applications/microchip/xc32/v2.40/bin/bin/../../lib/gcc/pic32mx/4.8.3/../../../../pic32mx/lib/libc.a(fgetc.o)
 .debug_info    0x0000000000001cb8       0xc2 /Applications/microchip/xc32/v2.40/bin/bin/../../lib/gcc/pic32mx/4.8.3/../../../../pic32mx/lib/libc.a(_fputc_simple.o)
 .debug_info    0x0000000000001d7a       0xc6 /Applications/microchip/xc32/v2.40/bin/bin/../../lib/gcc/pic32mx/4.8.3/../../../../pic32mx/lib/libc.a(strcspn.o)
 .debug_info    0x0000000000001e40       0xc4 /Applications/microchip/xc32/v2.40/bin/bin/../../lib/gcc/pic32mx/4.8.3/../../../../pic32mx/lib/libc.a(strspn.o)
 .debug_info    0x0000000000001f04       0xf4 /Applications/microchip/xc32/v2.40/bin/bin/../../lib/gcc/pic32mx/4.8.3/../../../../pic32mx/lib/libc.a(strtod.o)
 .debug_info    0x0000000000001ff8       0xca /Applications/microchip/xc32/v2.40/bin/bin/../../lib/gcc/pic32mx/4.8.3/../../../../pic32mx/lib/libc.a(doprnt_s.eo)
 .debug_info    0x00000000000020c2       0xc5 /Applications/microchip/xc32/v2.40/bin/bin/../../lib/gcc/pic32mx/4.8.3/../../../../pic32mx/lib/libc.a(filbuf.o)
 .debug_info    0x0000000000002187       0xc5 /Applications/microchip/xc32/v2.40/bin/bin/../../lib/gcc/pic32mx/4.8.3/../../../../pic32mx/lib/libc.a(_flsbuf_simple.o)
 .debug_info    0x000000000000224c       0xc4 /Applications/microchip/xc32/v2.40/bin/bin/../../lib/gcc/pic32mx/4.8.3/../../../../pic32mx/lib/libc.a(fflush.o)
 .debug_info    0x0000000000002310       0xc4 /Applications/microchip/xc32/v2.40/bin/bin/../../lib/gcc/pic32mx/4.8.3/../../../../pic32mx/lib/libc.a(strchr.o)
 .debug_info    0x00000000000023d4       0xd8 /Applications/microchip/xc32/v2.40/bin/bin/../../lib/gcc/pic32mx/4.8.3/../../../../pic32mx/lib/libm.a(__strtod.o)
 .debug_info    0x00000000000024ac       0xd9 /Applications/microchip/xc32/v2.40/bin/bin/../../lib/gcc/pic32mx/4.8.3/../../../../pic32mx/lib/libe.a(_ldexp.o)
 .debug_info    0x0000000000002585      0x30c /Applications/microchip/xc32/v2.40/bin/bin/../../lib/gcc/pic32mx/4.8.3/libgcc.a(_lshrdi3.o)
 .debug_info    0x0000000000002891      0x30f /Applications/microchip/xc32/v2.40/bin/bin/../../lib/gcc/pic32mx/4.8.3/libgcc.a(_ashldi3.o)
 .debug_info    0x0000000000002ba0      0x74b /Applications/microchip/xc32/v2.40/bin/bin/../../lib/gcc/pic32mx/4.8.3/libgcc.a(_udivdi3.o)
 .debug_info    0x00000000000032eb      0x788 /Applications/microchip/xc32/v2.40/bin/bin/../../lib/gcc/pic32mx/4.8.3/libgcc.a(_umoddi3.o)
 .debug_info    0x0000000000003a73       0xbf /Applications/microchip/xc32/v2.40/bin/bin/../../lib/gcc/pic32mx/4.8.3/../../../../pic32mx/lib/libpic32.a(write.o)
 .debug_info    0x0000000000003b32       0xc7 /Applications/microchip/xc32/v2.40/bin/bin/../../lib/gcc/pic32mx/4.8.3/../../../../pic32mx/lib/libpic32.a(_mon_putc.o)

.debug_abbrev   0x0000000000000000      0xc77
 *(.debug_abbrev)
 .debug_abbrev  0x0000000000000000      0x179 build/default/production/BOARD.o
 .debug_abbrev  0x0000000000000179      0x11b build/default/production/stack.o
 .debug_abbrev  0x0000000000000294       0xd1 build/default/production/rpn.o
 .debug_abbrev  0x0000000000000365       0xac build/default/production/Lab04_main.o
 .debug_abbrev  0x0000000000000411       0x28 /Applications/microchip/xc32/v2.40/bin/bin/../../lib/gcc/pic32mx/4.8.3/../../../../pic32mx/lib/libpic32.a(default-bootstrap-exception-handler.o)
 .debug_abbrev  0x0000000000000439       0x28 /Applications/microchip/xc32/v2.40/bin/bin/../../lib/gcc/pic32mx/4.8.3/../../../../pic32mx/lib/libpic32.a(default-on-reset.o)
 .debug_abbrev  0x0000000000000461       0x28 /Applications/microchip/xc32/v2.40/bin/bin/../../lib/gcc/pic32mx/4.8.3/../../../../pic32mx/lib/libpic32.a(default-on-bootstrap.o)
 .debug_abbrev  0x0000000000000489       0x28 /Applications/microchip/xc32/v2.40/bin/bin/../../lib/gcc/pic32mx/4.8.3/../../../../pic32mx/lib/libpic32.a(default-general-exception-handler.o)
 .debug_abbrev  0x00000000000004b1       0x28 /Applications/microchip/xc32/v2.40/bin/bin/../../lib/gcc/pic32mx/4.8.3/../../../../pic32mx/lib/libpic32.a(defaultinterrupt.o)
 .debug_abbrev  0x00000000000004d9       0x28 /Applications/microchip/xc32/v2.40/bin/bin/../../lib/gcc/pic32mx/4.8.3/../../../../pic32mx/lib/libc.a(gets.o)
 .debug_abbrev  0x0000000000000501       0x28 /Applications/microchip/xc32/v2.40/bin/bin/../../lib/gcc/pic32mx/4.8.3/../../../../pic32mx/lib/libc.a(puts.o)
 .debug_abbrev  0x0000000000000529       0x47 /Applications/microchip/xc32/v2.40/bin/bin/../../lib/gcc/pic32mx/4.8.3/../../../../pic32mx/lib/libc.a(rand.o)
 .debug_abbrev  0x0000000000000570       0x28 /Applications/microchip/xc32/v2.40/bin/bin/../../lib/gcc/pic32mx/4.8.3/../../../../pic32mx/lib/libc.a(strtok.o)
 .debug_abbrev  0x0000000000000598       0x28 /Applications/microchip/xc32/v2.40/bin/bin/../../lib/gcc/pic32mx/4.8.3/../../../../pic32mx/lib/libc.a(datof.o)
 .debug_abbrev  0x00000000000005c0       0x28 /Applications/microchip/xc32/v2.40/bin/bin/../../lib/gcc/pic32mx/4.8.3/../../../../pic32mx/lib/libc.a(printf_s.eo)
 .debug_abbrev  0x00000000000005e8       0x28 /Applications/microchip/xc32/v2.40/bin/bin/../../lib/gcc/pic32mx/4.8.3/../../../../pic32mx/lib/libc.a(fgetc.o)
 .debug_abbrev  0x0000000000000610       0x28 /Applications/microchip/xc32/v2.40/bin/bin/../../lib/gcc/pic32mx/4.8.3/../../../../pic32mx/lib/libc.a(_fputc_simple.o)
 .debug_abbrev  0x0000000000000638       0x28 /Applications/microchip/xc32/v2.40/bin/bin/../../lib/gcc/pic32mx/4.8.3/../../../../pic32mx/lib/libc.a(strcspn.o)
 .debug_abbrev  0x0000000000000660       0x28 /Applications/microchip/xc32/v2.40/bin/bin/../../lib/gcc/pic32mx/4.8.3/../../../../pic32mx/lib/libc.a(strspn.o)
 .debug_abbrev  0x0000000000000688       0x4f /Applications/microchip/xc32/v2.40/bin/bin/../../lib/gcc/pic32mx/4.8.3/../../../../pic32mx/lib/libc.a(strtod.o)
 .debug_abbrev  0x00000000000006d7       0x28 /Applications/microchip/xc32/v2.40/bin/bin/../../lib/gcc/pic32mx/4.8.3/../../../../pic32mx/lib/libc.a(doprnt_s.eo)
 .debug_abbrev  0x00000000000006ff       0x28 /Applications/microchip/xc32/v2.40/bin/bin/../../lib/gcc/pic32mx/4.8.3/../../../../pic32mx/lib/libc.a(filbuf.o)
 .debug_abbrev  0x0000000000000727       0x28 /Applications/microchip/xc32/v2.40/bin/bin/../../lib/gcc/pic32mx/4.8.3/../../../../pic32mx/lib/libc.a(_flsbuf_simple.o)
 .debug_abbrev  0x000000000000074f       0x28 /Applications/microchip/xc32/v2.40/bin/bin/../../lib/gcc/pic32mx/4.8.3/../../../../pic32mx/lib/libc.a(fflush.o)
 .debug_abbrev  0x0000000000000777       0x28 /Applications/microchip/xc32/v2.40/bin/bin/../../lib/gcc/pic32mx/4.8.3/../../../../pic32mx/lib/libc.a(strchr.o)
 .debug_abbrev  0x000000000000079f       0x35 /Applications/microchip/xc32/v2.40/bin/bin/../../lib/gcc/pic32mx/4.8.3/../../../../pic32mx/lib/libm.a(__strtod.o)
 .debug_abbrev  0x00000000000007d4       0x35 /Applications/microchip/xc32/v2.40/bin/bin/../../lib/gcc/pic32mx/4.8.3/../../../../pic32mx/lib/libe.a(_ldexp.o)
 .debug_abbrev  0x0000000000000809       0xd7 /Applications/microchip/xc32/v2.40/bin/bin/../../lib/gcc/pic32mx/4.8.3/libgcc.a(_lshrdi3.o)
 .debug_abbrev  0x00000000000008e0       0xc8 /Applications/microchip/xc32/v2.40/bin/bin/../../lib/gcc/pic32mx/4.8.3/libgcc.a(_ashldi3.o)
 .debug_abbrev  0x00000000000009a8      0x138 /Applications/microchip/xc32/v2.40/bin/bin/../../lib/gcc/pic32mx/4.8.3/libgcc.a(_udivdi3.o)
 .debug_abbrev  0x0000000000000ae0      0x147 /Applications/microchip/xc32/v2.40/bin/bin/../../lib/gcc/pic32mx/4.8.3/libgcc.a(_umoddi3.o)
 .debug_abbrev  0x0000000000000c27       0x28 /Applications/microchip/xc32/v2.40/bin/bin/../../lib/gcc/pic32mx/4.8.3/../../../../pic32mx/lib/libpic32.a(write.o)
 .debug_abbrev  0x0000000000000c4f       0x28 /Applications/microchip/xc32/v2.40/bin/bin/../../lib/gcc/pic32mx/4.8.3/../../../../pic32mx/lib/libpic32.a(_mon_putc.o)

.debug_line     0x0000000000000000     0x1579
 *(.debug_line)
 .debug_line    0x0000000000000000      0x1db build/default/production/BOARD.o
 .debug_line    0x00000000000001db      0x13a build/default/production/stack.o
 .debug_line    0x0000000000000315      0x137 build/default/production/rpn.o
 .debug_line    0x000000000000044c       0xb4 build/default/production/Lab04_main.o
 .debug_line    0x0000000000000500       0xa6 /Applications/microchip/xc32/v2.40/bin/bin/../../lib/gcc/pic32mx/4.8.3/../../../../pic32mx/lib/libpic32.a(default-bootstrap-exception-handler.o)
 .debug_line    0x00000000000005a6       0x93 /Applications/microchip/xc32/v2.40/bin/bin/../../lib/gcc/pic32mx/4.8.3/../../../../pic32mx/lib/libpic32.a(default-on-reset.o)
 .debug_line    0x0000000000000639       0x97 /Applications/microchip/xc32/v2.40/bin/bin/../../lib/gcc/pic32mx/4.8.3/../../../../pic32mx/lib/libpic32.a(default-on-bootstrap.o)
 .debug_line    0x00000000000006d0        0x0 /Applications/microchip/xc32/v2.40/bin/bin/../../lib/gcc/pic32mx/4.8.3/../../../../pic32mx/lib/libpic32.a(xc32_uart.o)
 .debug_line    0x00000000000006d0       0xa4 /Applications/microchip/xc32/v2.40/bin/bin/../../lib/gcc/pic32mx/4.8.3/../../../../pic32mx/lib/libpic32.a(default-general-exception-handler.o)
 .debug_line    0x0000000000000774       0xa5 /Applications/microchip/xc32/v2.40/bin/bin/../../lib/gcc/pic32mx/4.8.3/../../../../pic32mx/lib/libpic32.a(defaultinterrupt.o)
 .debug_line    0x0000000000000819        0x0 /Applications/microchip/xc32/v2.40/bin/bin/../../lib/gcc/pic32mx/4.8.3/../../../../pic32mx/lib/libc.a(_iob.o)
 .debug_line    0x0000000000000819       0x7c /Applications/microchip/xc32/v2.40/bin/bin/../../lib/gcc/pic32mx/4.8.3/../../../../pic32mx/lib/libc.a(gets.o)
 .debug_line    0x0000000000000895       0x7c /Applications/microchip/xc32/v2.40/bin/bin/../../lib/gcc/pic32mx/4.8.3/../../../../pic32mx/lib/libc.a(puts.o)
 .debug_line    0x0000000000000911       0x7c /Applications/microchip/xc32/v2.40/bin/bin/../../lib/gcc/pic32mx/4.8.3/../../../../pic32mx/lib/libc.a(rand.o)
 .debug_line    0x000000000000098d       0x7e /Applications/microchip/xc32/v2.40/bin/bin/../../lib/gcc/pic32mx/4.8.3/../../../../pic32mx/lib/libc.a(strtok.o)
 .debug_line    0x0000000000000a0b       0x7d /Applications/microchip/xc32/v2.40/bin/bin/../../lib/gcc/pic32mx/4.8.3/../../../../pic32mx/lib/libc.a(datof.o)
 .debug_line    0x0000000000000a88       0x7e /Applications/microchip/xc32/v2.40/bin/bin/../../lib/gcc/pic32mx/4.8.3/../../../../pic32mx/lib/libc.a(printf_s.eo)
 .debug_line    0x0000000000000b06       0x7d /Applications/microchip/xc32/v2.40/bin/bin/../../lib/gcc/pic32mx/4.8.3/../../../../pic32mx/lib/libc.a(fgetc.o)
 .debug_line    0x0000000000000b83       0x7d /Applications/microchip/xc32/v2.40/bin/bin/../../lib/gcc/pic32mx/4.8.3/../../../../pic32mx/lib/libc.a(_fputc_simple.o)
 .debug_line    0x0000000000000c00       0x7f /Applications/microchip/xc32/v2.40/bin/bin/../../lib/gcc/pic32mx/4.8.3/../../../../pic32mx/lib/libc.a(strcspn.o)
 .debug_line    0x0000000000000c7f       0x7e /Applications/microchip/xc32/v2.40/bin/bin/../../lib/gcc/pic32mx/4.8.3/../../../../pic32mx/lib/libc.a(strspn.o)
 .debug_line    0x0000000000000cfd       0x7e /Applications/microchip/xc32/v2.40/bin/bin/../../lib/gcc/pic32mx/4.8.3/../../../../pic32mx/lib/libc.a(strtod.o)
 .debug_line    0x0000000000000d7b       0x7e /Applications/microchip/xc32/v2.40/bin/bin/../../lib/gcc/pic32mx/4.8.3/../../../../pic32mx/lib/libc.a(doprnt_s.eo)
 .debug_line    0x0000000000000df9       0x7e /Applications/microchip/xc32/v2.40/bin/bin/../../lib/gcc/pic32mx/4.8.3/../../../../pic32mx/lib/libc.a(filbuf.o)
 .debug_line    0x0000000000000e77       0x7e /Applications/microchip/xc32/v2.40/bin/bin/../../lib/gcc/pic32mx/4.8.3/../../../../pic32mx/lib/libc.a(_flsbuf_simple.o)
 .debug_line    0x0000000000000ef5       0x7e /Applications/microchip/xc32/v2.40/bin/bin/../../lib/gcc/pic32mx/4.8.3/../../../../pic32mx/lib/libc.a(fflush.o)
 .debug_line    0x0000000000000f73        0x0 /Applications/microchip/xc32/v2.40/bin/bin/../../lib/gcc/pic32mx/4.8.3/../../../../pic32mx/lib/libc.a(ctype.o)
 .debug_line    0x0000000000000f73       0x7e /Applications/microchip/xc32/v2.40/bin/bin/../../lib/gcc/pic32mx/4.8.3/../../../../pic32mx/lib/libc.a(strchr.o)
 .debug_line    0x0000000000000ff1       0x88 /Applications/microchip/xc32/v2.40/bin/bin/../../lib/gcc/pic32mx/4.8.3/../../../../pic32mx/lib/libm.a(__strtod.o)
 .debug_line    0x0000000000001079       0xa2 /Applications/microchip/xc32/v2.40/bin/bin/../../lib/gcc/pic32mx/4.8.3/../../../../pic32mx/lib/libe.a(_ldexp.o)
 .debug_line    0x000000000000111b       0xa5 /Applications/microchip/xc32/v2.40/bin/bin/../../lib/gcc/pic32mx/4.8.3/libgcc.a(_lshrdi3.o)
 .debug_line    0x00000000000011c0       0xa5 /Applications/microchip/xc32/v2.40/bin/bin/../../lib/gcc/pic32mx/4.8.3/libgcc.a(_ashldi3.o)
 .debug_line    0x0000000000001265       0xf7 /Applications/microchip/xc32/v2.40/bin/bin/../../lib/gcc/pic32mx/4.8.3/libgcc.a(_udivdi3.o)
 .debug_line    0x000000000000135c      0x109 /Applications/microchip/xc32/v2.40/bin/bin/../../lib/gcc/pic32mx/4.8.3/libgcc.a(_umoddi3.o)
 .debug_line    0x0000000000001465       0x88 /Applications/microchip/xc32/v2.40/bin/bin/../../lib/gcc/pic32mx/4.8.3/../../../../pic32mx/lib/libpic32.a(write.o)
 .debug_line    0x00000000000014ed        0x0 /Applications/microchip/xc32/v2.40/bin/bin/../../lib/gcc/pic32mx/4.8.3/../../../../pic32mx/lib/libpic32.a(errno.o)
 .debug_line    0x00000000000014ed       0x8c /Applications/microchip/xc32/v2.40/bin/bin/../../lib/gcc/pic32mx/4.8.3/../../../../pic32mx/lib/libpic32.a(_mon_putc.o)

.debug_frame    0x0000000000000000      0x7f0
 *(.debug_frame)
 .debug_frame   0x0000000000000000       0xdc build/default/production/BOARD.o
 .debug_frame   0x00000000000000dc       0xd8 build/default/production/stack.o
 .debug_frame   0x00000000000001b4       0x5c build/default/production/rpn.o
 .debug_frame   0x0000000000000210       0x2c build/default/production/Lab04_main.o
 .debug_frame   0x000000000000023c       0x2c /Applications/microchip/xc32/v2.40/bin/bin/../../lib/gcc/pic32mx/4.8.3/../../../../pic32mx/lib/libpic32.a(default-bootstrap-exception-handler.o)
 .debug_frame   0x0000000000000268       0x20 /Applications/microchip/xc32/v2.40/bin/bin/../../lib/gcc/pic32mx/4.8.3/../../../../pic32mx/lib/libpic32.a(default-on-reset.o)
 .debug_frame   0x0000000000000288       0x20 /Applications/microchip/xc32/v2.40/bin/bin/../../lib/gcc/pic32mx/4.8.3/../../../../pic32mx/lib/libpic32.a(default-on-bootstrap.o)
 .debug_frame   0x00000000000002a8       0x2c /Applications/microchip/xc32/v2.40/bin/bin/../../lib/gcc/pic32mx/4.8.3/../../../../pic32mx/lib/libpic32.a(default-general-exception-handler.o)
 .debug_frame   0x00000000000002d4       0x20 /Applications/microchip/xc32/v2.40/bin/bin/../../lib/gcc/pic32mx/4.8.3/../../../../pic32mx/lib/libpic32.a(defaultinterrupt.o)
 .debug_frame   0x00000000000002f4       0x60 /Applications/microchip/xc32/v2.40/bin/bin/../../lib/gcc/pic32mx/4.8.3/../../../../pic32mx/lib/libc.a(gets.o)
 .debug_frame   0x0000000000000354       0x50 /Applications/microchip/xc32/v2.40/bin/bin/../../lib/gcc/pic32mx/4.8.3/../../../../pic32mx/lib/libc.a(puts.o)
 .debug_frame   0x00000000000003a4       0x30 /Applications/microchip/xc32/v2.40/bin/bin/../../lib/gcc/pic32mx/4.8.3/../../../../pic32mx/lib/libc.a(rand.o)
 .debug_frame   0x00000000000003d4       0x3c /Applications/microchip/xc32/v2.40/bin/bin/../../lib/gcc/pic32mx/4.8.3/../../../../pic32mx/lib/libc.a(strtok.o)
 .debug_frame   0x0000000000000410       0x2c /Applications/microchip/xc32/v2.40/bin/bin/../../lib/gcc/pic32mx/4.8.3/../../../../pic32mx/lib/libc.a(datof.o)
 .debug_frame   0x000000000000043c       0x2c /Applications/microchip/xc32/v2.40/bin/bin/../../lib/gcc/pic32mx/4.8.3/../../../../pic32mx/lib/libc.a(printf_s.eo)
 .debug_frame   0x0000000000000468       0x38 /Applications/microchip/xc32/v2.40/bin/bin/../../lib/gcc/pic32mx/4.8.3/../../../../pic32mx/lib/libc.a(fgetc.o)
 .debug_frame   0x00000000000004a0       0x30 /Applications/microchip/xc32/v2.40/bin/bin/../../lib/gcc/pic32mx/4.8.3/../../../../pic32mx/lib/libc.a(_fputc_simple.o)
 .debug_frame   0x00000000000004d0       0x34 /Applications/microchip/xc32/v2.40/bin/bin/../../lib/gcc/pic32mx/4.8.3/../../../../pic32mx/lib/libc.a(strcspn.o)
 .debug_frame   0x0000000000000504       0x34 /Applications/microchip/xc32/v2.40/bin/bin/../../lib/gcc/pic32mx/4.8.3/../../../../pic32mx/lib/libc.a(strspn.o)
 .debug_frame   0x0000000000000538       0x48 /Applications/microchip/xc32/v2.40/bin/bin/../../lib/gcc/pic32mx/4.8.3/../../../../pic32mx/lib/libc.a(strtod.o)
 .debug_frame   0x0000000000000580       0x48 /Applications/microchip/xc32/v2.40/bin/bin/../../lib/gcc/pic32mx/4.8.3/../../../../pic32mx/lib/libc.a(doprnt_s.eo)
 .debug_frame   0x00000000000005c8       0x44 /Applications/microchip/xc32/v2.40/bin/bin/../../lib/gcc/pic32mx/4.8.3/../../../../pic32mx/lib/libc.a(filbuf.o)
 .debug_frame   0x000000000000060c       0x38 /Applications/microchip/xc32/v2.40/bin/bin/../../lib/gcc/pic32mx/4.8.3/../../../../pic32mx/lib/libc.a(_flsbuf_simple.o)
 .debug_frame   0x0000000000000644       0x34 /Applications/microchip/xc32/v2.40/bin/bin/../../lib/gcc/pic32mx/4.8.3/../../../../pic32mx/lib/libc.a(fflush.o)
 .debug_frame   0x0000000000000678       0x20 /Applications/microchip/xc32/v2.40/bin/bin/../../lib/gcc/pic32mx/4.8.3/../../../../pic32mx/lib/libc.a(strchr.o)
 .debug_frame   0x0000000000000698       0x40 /Applications/microchip/xc32/v2.40/bin/bin/../../lib/gcc/pic32mx/4.8.3/../../../../pic32mx/lib/libm.a(__strtod.o)
 .debug_frame   0x00000000000006d8       0x34 /Applications/microchip/xc32/v2.40/bin/bin/../../lib/gcc/pic32mx/4.8.3/../../../../pic32mx/lib/libe.a(_ldexp.o)
 .debug_frame   0x000000000000070c       0x20 /Applications/microchip/xc32/v2.40/bin/bin/../../lib/gcc/pic32mx/4.8.3/libgcc.a(_lshrdi3.o)
 .debug_frame   0x000000000000072c       0x20 /Applications/microchip/xc32/v2.40/bin/bin/../../lib/gcc/pic32mx/4.8.3/libgcc.a(_ashldi3.o)
 .debug_frame   0x000000000000074c       0x20 /Applications/microchip/xc32/v2.40/bin/bin/../../lib/gcc/pic32mx/4.8.3/libgcc.a(_udivdi3.o)
 .debug_frame   0x000000000000076c       0x20 /Applications/microchip/xc32/v2.40/bin/bin/../../lib/gcc/pic32mx/4.8.3/libgcc.a(_umoddi3.o)
 .debug_frame   0x000000000000078c       0x38 /Applications/microchip/xc32/v2.40/bin/bin/../../lib/gcc/pic32mx/4.8.3/../../../../pic32mx/lib/libpic32.a(write.o)
 .debug_frame   0x00000000000007c4       0x2c /Applications/microchip/xc32/v2.40/bin/bin/../../lib/gcc/pic32mx/4.8.3/../../../../pic32mx/lib/libpic32.a(_mon_putc.o)

.debug_str      0x0000000000000000        0xf
 *(.debug_str)
 .debug_str     0x0000000000000000        0x0 build/default/production/BOARD.o
 .debug_str     0x0000000000000000        0x6 build/default/production/stack.o
 .debug_str     0x0000000000000006        0x0 build/default/production/rpn.o
 .debug_str     0x0000000000000006        0x0 build/default/production/Lab04_main.o
 .debug_str     0x0000000000000006        0x0 /Applications/microchip/xc32/v2.40/bin/bin/../../lib/gcc/pic32mx/4.8.3/../../../../pic32mx/lib/libpic32.a(default-bootstrap-exception-handler.o)
 .debug_str     0x0000000000000006        0x0 /Applications/microchip/xc32/v2.40/bin/bin/../../lib/gcc/pic32mx/4.8.3/../../../../pic32mx/lib/libpic32.a(default-on-reset.o)
 .debug_str     0x0000000000000006        0x0 /Applications/microchip/xc32/v2.40/bin/bin/../../lib/gcc/pic32mx/4.8.3/../../../../pic32mx/lib/libpic32.a(default-on-bootstrap.o)
 .debug_str     0x0000000000000006        0x0 /Applications/microchip/xc32/v2.40/bin/bin/../../lib/gcc/pic32mx/4.8.3/../../../../pic32mx/lib/libpic32.a(xc32_uart.o)
 .debug_str     0x0000000000000006        0x0 /Applications/microchip/xc32/v2.40/bin/bin/../../lib/gcc/pic32mx/4.8.3/../../../../pic32mx/lib/libpic32.a(default-general-exception-handler.o)
 .debug_str     0x0000000000000006        0x0 /Applications/microchip/xc32/v2.40/bin/bin/../../lib/gcc/pic32mx/4.8.3/../../../../pic32mx/lib/libpic32.a(defaultinterrupt.o)
 .debug_str     0x0000000000000006        0x0 /Applications/microchip/xc32/v2.40/bin/bin/../../lib/gcc/pic32mx/4.8.3/../../../../pic32mx/lib/libc.a(_iob.o)
 .debug_str     0x0000000000000006        0x0 /Applications/microchip/xc32/v2.40/bin/bin/../../lib/gcc/pic32mx/4.8.3/../../../../pic32mx/lib/libc.a(gets.o)
 .debug_str     0x0000000000000006        0x0 /Applications/microchip/xc32/v2.40/bin/bin/../../lib/gcc/pic32mx/4.8.3/../../../../pic32mx/lib/libc.a(puts.o)
 .debug_str     0x0000000000000006        0x0 /Applications/microchip/xc32/v2.40/bin/bin/../../lib/gcc/pic32mx/4.8.3/../../../../pic32mx/lib/libc.a(rand.o)
 .debug_str     0x0000000000000006        0x0 /Applications/microchip/xc32/v2.40/bin/bin/../../lib/gcc/pic32mx/4.8.3/../../../../pic32mx/lib/libc.a(strtok.o)
 .debug_str     0x0000000000000006        0x0 /Applications/microchip/xc32/v2.40/bin/bin/../../lib/gcc/pic32mx/4.8.3/../../../../pic32mx/lib/libc.a(datof.o)
 .debug_str     0x0000000000000006        0x0 /Applications/microchip/xc32/v2.40/bin/bin/../../lib/gcc/pic32mx/4.8.3/../../../../pic32mx/lib/libc.a(printf_s.eo)
 .debug_str     0x0000000000000006        0x0 /Applications/microchip/xc32/v2.40/bin/bin/../../lib/gcc/pic32mx/4.8.3/../../../../pic32mx/lib/libc.a(fgetc.o)
 .debug_str     0x0000000000000006        0x0 /Applications/microchip/xc32/v2.40/bin/bin/../../lib/gcc/pic32mx/4.8.3/../../../../pic32mx/lib/libc.a(_fputc_simple.o)
 .debug_str     0x0000000000000006        0x0 /Applications/microchip/xc32/v2.40/bin/bin/../../lib/gcc/pic32mx/4.8.3/../../../../pic32mx/lib/libc.a(strcspn.o)
 .debug_str     0x0000000000000006        0x0 /Applications/microchip/xc32/v2.40/bin/bin/../../lib/gcc/pic32mx/4.8.3/../../../../pic32mx/lib/libc.a(strspn.o)
 .debug_str     0x0000000000000006        0x9 /Applications/microchip/xc32/v2.40/bin/bin/../../lib/gcc/pic32mx/4.8.3/../../../../pic32mx/lib/libc.a(strtod.o)
 .debug_str     0x000000000000000f        0x0 /Applications/microchip/xc32/v2.40/bin/bin/../../lib/gcc/pic32mx/4.8.3/../../../../pic32mx/lib/libc.a(doprnt_s.eo)
 .debug_str     0x000000000000000f        0x0 /Applications/microchip/xc32/v2.40/bin/bin/../../lib/gcc/pic32mx/4.8.3/../../../../pic32mx/lib/libc.a(filbuf.o)
 .debug_str     0x000000000000000f        0x0 /Applications/microchip/xc32/v2.40/bin/bin/../../lib/gcc/pic32mx/4.8.3/../../../../pic32mx/lib/libc.a(_flsbuf_simple.o)
 .debug_str     0x000000000000000f        0x0 /Applications/microchip/xc32/v2.40/bin/bin/../../lib/gcc/pic32mx/4.8.3/../../../../pic32mx/lib/libc.a(fflush.o)
 .debug_str     0x000000000000000f        0x0 /Applications/microchip/xc32/v2.40/bin/bin/../../lib/gcc/pic32mx/4.8.3/../../../../pic32mx/lib/libc.a(ctype.o)
 .debug_str     0x000000000000000f        0x0 /Applications/microchip/xc32/v2.40/bin/bin/../../lib/gcc/pic32mx/4.8.3/../../../../pic32mx/lib/libc.a(strchr.o)
 .debug_str     0x000000000000000f        0x0 /Applications/microchip/xc32/v2.40/bin/bin/../../lib/gcc/pic32mx/4.8.3/../../../../pic32mx/lib/libm.a(__strtod.o)
 .debug_str     0x000000000000000f        0x0 /Applications/microchip/xc32/v2.40/bin/bin/../../lib/gcc/pic32mx/4.8.3/../../../../pic32mx/lib/libe.a(_ldexp.o)
 .debug_str     0x000000000000000f        0x0 /Applications/microchip/xc32/v2.40/bin/bin/../../lib/gcc/pic32mx/4.8.3/libgcc.a(_lshrdi3.o)
 .debug_str     0x000000000000000f        0x0 /Applications/microchip/xc32/v2.40/bin/bin/../../lib/gcc/pic32mx/4.8.3/libgcc.a(_ashldi3.o)
 .debug_str     0x000000000000000f        0x0 /Applications/microchip/xc32/v2.40/bin/bin/../../lib/gcc/pic32mx/4.8.3/libgcc.a(_udivdi3.o)
 .debug_str     0x000000000000000f        0x0 /Applications/microchip/xc32/v2.40/bin/bin/../../lib/gcc/pic32mx/4.8.3/libgcc.a(_umoddi3.o)
 .debug_str     0x000000000000000f        0x0 /Applications/microchip/xc32/v2.40/bin/bin/../../lib/gcc/pic32mx/4.8.3/../../../../pic32mx/lib/libpic32.a(write.o)
 .debug_str     0x000000000000000f        0x0 /Applications/microchip/xc32/v2.40/bin/bin/../../lib/gcc/pic32mx/4.8.3/../../../../pic32mx/lib/libpic32.a(errno.o)
 .debug_str     0x000000000000000f        0x0 /Applications/microchip/xc32/v2.40/bin/bin/../../lib/gcc/pic32mx/4.8.3/../../../../pic32mx/lib/libpic32.a(_mon_putc.o)

.debug_loc      0x0000000000000000     0x16d4
 *(.debug_loc)
 .debug_loc     0x0000000000000000       0x2c /Applications/microchip/xc32/v2.40/bin/bin/../../lib/gcc/pic32mx/4.8.3/../../../../pic32mx/lib/libpic32.a(default-bootstrap-exception-handler.o)
 .debug_loc     0x000000000000002c       0x2c /Applications/microchip/xc32/v2.40/bin/bin/../../lib/gcc/pic32mx/4.8.3/../../../../pic32mx/lib/libpic32.a(default-general-exception-handler.o)
 .debug_loc     0x0000000000000058       0x20 /Applications/microchip/xc32/v2.40/bin/bin/../../lib/gcc/pic32mx/4.8.3/../../../../pic32mx/lib/libm.a(__strtod.o)
 .debug_loc     0x0000000000000078       0x20 /Applications/microchip/xc32/v2.40/bin/bin/../../lib/gcc/pic32mx/4.8.3/../../../../pic32mx/lib/libe.a(_ldexp.o)
 .debug_loc     0x0000000000000098       0xbb /Applications/microchip/xc32/v2.40/bin/bin/../../lib/gcc/pic32mx/4.8.3/libgcc.a(_lshrdi3.o)
 .debug_loc     0x0000000000000153       0x82 /Applications/microchip/xc32/v2.40/bin/bin/../../lib/gcc/pic32mx/4.8.3/libgcc.a(_ashldi3.o)
 .debug_loc     0x00000000000001d5      0xa6a /Applications/microchip/xc32/v2.40/bin/bin/../../lib/gcc/pic32mx/4.8.3/libgcc.a(_udivdi3.o)
 .debug_loc     0x0000000000000c3f      0xa3d /Applications/microchip/xc32/v2.40/bin/bin/../../lib/gcc/pic32mx/4.8.3/libgcc.a(_umoddi3.o)
 .debug_loc     0x000000000000167c       0x38 /Applications/microchip/xc32/v2.40/bin/bin/../../lib/gcc/pic32mx/4.8.3/../../../../pic32mx/lib/libpic32.a(write.o)
 .debug_loc     0x00000000000016b4       0x20 /Applications/microchip/xc32/v2.40/bin/bin/../../lib/gcc/pic32mx/4.8.3/../../../../pic32mx/lib/libpic32.a(_mon_putc.o)

.debug_macinfo
 *(.debug_macinfo)

.debug_weaknames
 *(.debug_weaknames)

.debug_funcnames
 *(.debug_funcnames)

.debug_typenames
 *(.debug_typenames)

.debug_varnames
 *(.debug_varnames)

.debug_pubtypes
 *(.debug_pubtypes)

.debug_ranges   0x0000000000000000      0x320
 *(.debug_ranges)
 .debug_ranges  0x0000000000000000       0x10 /Applications/microchip/xc32/v2.40/bin/bin/../../lib/gcc/pic32mx/4.8.3/../../../../pic32mx/lib/libpic32.a(default-bootstrap-exception-handler.o)
 .debug_ranges  0x0000000000000010       0x10 /Applications/microchip/xc32/v2.40/bin/bin/../../lib/gcc/pic32mx/4.8.3/../../../../pic32mx/lib/libpic32.a(default-on-reset.o)
 .debug_ranges  0x0000000000000020       0x10 /Applications/microchip/xc32/v2.40/bin/bin/../../lib/gcc/pic32mx/4.8.3/../../../../pic32mx/lib/libpic32.a(default-on-bootstrap.o)
 .debug_ranges  0x0000000000000030       0x10 /Applications/microchip/xc32/v2.40/bin/bin/../../lib/gcc/pic32mx/4.8.3/../../../../pic32mx/lib/libpic32.a(default-general-exception-handler.o)
 .debug_ranges  0x0000000000000040       0x10 /Applications/microchip/xc32/v2.40/bin/bin/../../lib/gcc/pic32mx/4.8.3/../../../../pic32mx/lib/libpic32.a(defaultinterrupt.o)
 .debug_ranges  0x0000000000000050       0x18 /Applications/microchip/xc32/v2.40/bin/bin/../../lib/gcc/pic32mx/4.8.3/../../../../pic32mx/lib/libc.a(gets.o)
 .debug_ranges  0x0000000000000068       0x18 /Applications/microchip/xc32/v2.40/bin/bin/../../lib/gcc/pic32mx/4.8.3/../../../../pic32mx/lib/libc.a(puts.o)
 .debug_ranges  0x0000000000000080       0x18 /Applications/microchip/xc32/v2.40/bin/bin/../../lib/gcc/pic32mx/4.8.3/../../../../pic32mx/lib/libc.a(rand.o)
 .debug_ranges  0x0000000000000098       0x10 /Applications/microchip/xc32/v2.40/bin/bin/../../lib/gcc/pic32mx/4.8.3/../../../../pic32mx/lib/libc.a(strtok.o)
 .debug_ranges  0x00000000000000a8       0x10 /Applications/microchip/xc32/v2.40/bin/bin/../../lib/gcc/pic32mx/4.8.3/../../../../pic32mx/lib/libc.a(datof.o)
 .debug_ranges  0x00000000000000b8       0x10 /Applications/microchip/xc32/v2.40/bin/bin/../../lib/gcc/pic32mx/4.8.3/../../../../pic32mx/lib/libc.a(printf_s.eo)
 .debug_ranges  0x00000000000000c8       0x10 /Applications/microchip/xc32/v2.40/bin/bin/../../lib/gcc/pic32mx/4.8.3/../../../../pic32mx/lib/libc.a(fgetc.o)
 .debug_ranges  0x00000000000000d8       0x10 /Applications/microchip/xc32/v2.40/bin/bin/../../lib/gcc/pic32mx/4.8.3/../../../../pic32mx/lib/libc.a(_fputc_simple.o)
 .debug_ranges  0x00000000000000e8       0x10 /Applications/microchip/xc32/v2.40/bin/bin/../../lib/gcc/pic32mx/4.8.3/../../../../pic32mx/lib/libc.a(strcspn.o)
 .debug_ranges  0x00000000000000f8       0x10 /Applications/microchip/xc32/v2.40/bin/bin/../../lib/gcc/pic32mx/4.8.3/../../../../pic32mx/lib/libc.a(strspn.o)
 .debug_ranges  0x0000000000000108       0x18 /Applications/microchip/xc32/v2.40/bin/bin/../../lib/gcc/pic32mx/4.8.3/../../../../pic32mx/lib/libc.a(strtod.o)
 .debug_ranges  0x0000000000000120       0x10 /Applications/microchip/xc32/v2.40/bin/bin/../../lib/gcc/pic32mx/4.8.3/../../../../pic32mx/lib/libc.a(doprnt_s.eo)
 .debug_ranges  0x0000000000000130       0x10 /Applications/microchip/xc32/v2.40/bin/bin/../../lib/gcc/pic32mx/4.8.3/../../../../pic32mx/lib/libc.a(filbuf.o)
 .debug_ranges  0x0000000000000140       0x10 /Applications/microchip/xc32/v2.40/bin/bin/../../lib/gcc/pic32mx/4.8.3/../../../../pic32mx/lib/libc.a(_flsbuf_simple.o)
 .debug_ranges  0x0000000000000150       0x10 /Applications/microchip/xc32/v2.40/bin/bin/../../lib/gcc/pic32mx/4.8.3/../../../../pic32mx/lib/libc.a(fflush.o)
 .debug_ranges  0x0000000000000160       0x10 /Applications/microchip/xc32/v2.40/bin/bin/../../lib/gcc/pic32mx/4.8.3/../../../../pic32mx/lib/libc.a(strchr.o)
 .debug_ranges  0x0000000000000170       0x10 /Applications/microchip/xc32/v2.40/bin/bin/../../lib/gcc/pic32mx/4.8.3/../../../../pic32mx/lib/libm.a(__strtod.o)
 .debug_ranges  0x0000000000000180       0x10 /Applications/microchip/xc32/v2.40/bin/bin/../../lib/gcc/pic32mx/4.8.3/../../../../pic32mx/lib/libe.a(_ldexp.o)
 .debug_ranges  0x0000000000000190       0x98 /Applications/microchip/xc32/v2.40/bin/bin/../../lib/gcc/pic32mx/4.8.3/libgcc.a(_udivdi3.o)
 .debug_ranges  0x0000000000000228       0xd8 /Applications/microchip/xc32/v2.40/bin/bin/../../lib/gcc/pic32mx/4.8.3/libgcc.a(_umoddi3.o)
 .debug_ranges  0x0000000000000300       0x10 /Applications/microchip/xc32/v2.40/bin/bin/../../lib/gcc/pic32mx/4.8.3/../../../../pic32mx/lib/libpic32.a(write.o)
 .debug_ranges  0x0000000000000310       0x10 /Applications/microchip/xc32/v2.40/bin/bin/../../lib/gcc/pic32mx/4.8.3/../../../../pic32mx/lib/libpic32.a(_mon_putc.o)

.gnu.attributes
                0x0000000000000000       0x10
 *(.gnu.attributes)
 .gnu.attributes
                0x0000000000000000       0x10 build/default/production/BOARD.o
 .gnu.attributes
                0x0000000000000010       0x10 build/default/production/stack.o
 .gnu.attributes
                0x0000000000000020       0x10 build/default/production/rpn.o
 .gnu.attributes
                0x0000000000000030       0x10 build/default/production/Lab04_main.o
 .gnu.attributes
                0x0000000000000040       0x10 /Applications/microchip/xc32/v2.40/bin/bin/../../lib/gcc/pic32mx/4.8.3/../../../../pic32mx/lib/libpic32.a(default-bootstrap-exception-handler.o)
 .gnu.attributes
                0x0000000000000050       0x10 /Applications/microchip/xc32/v2.40/bin/bin/../../lib/gcc/pic32mx/4.8.3/../../../../pic32mx/lib/libpic32.a(default-on-reset.o)
 .gnu.attributes
                0x0000000000000060       0x10 /Applications/microchip/xc32/v2.40/bin/bin/../../lib/gcc/pic32mx/4.8.3/../../../../pic32mx/lib/libpic32.a(default-on-bootstrap.o)
 .gnu.attributes
                0x0000000000000070       0x10 /Applications/microchip/xc32/v2.40/bin/bin/../../lib/gcc/pic32mx/4.8.3/../../../../pic32mx/lib/libpic32.a(xc32_uart.o)
 .gnu.attributes
                0x0000000000000080       0x10 /Applications/microchip/xc32/v2.40/bin/bin/../../lib/gcc/pic32mx/4.8.3/../../../../pic32mx/lib/libpic32.a(default-general-exception-handler.o)
 .gnu.attributes
                0x0000000000000090       0x10 /Applications/microchip/xc32/v2.40/bin/bin/../../lib/gcc/pic32mx/4.8.3/../../../../pic32mx/lib/libpic32.a(defaultinterrupt.o)
 .gnu.attributes
                0x00000000000000a0       0x10 /Applications/microchip/xc32/v2.40/bin/bin/../../lib/gcc/pic32mx/4.8.3/../../../../pic32mx/lib/libc.a(_iob.o)
 .gnu.attributes
                0x00000000000000b0       0x10 /Applications/microchip/xc32/v2.40/bin/bin/../../lib/gcc/pic32mx/4.8.3/../../../../pic32mx/lib/libc.a(gets.o)
 .gnu.attributes
                0x00000000000000c0       0x10 /Applications/microchip/xc32/v2.40/bin/bin/../../lib/gcc/pic32mx/4.8.3/../../../../pic32mx/lib/libc.a(puts.o)
 .gnu.attributes
                0x00000000000000d0       0x10 /Applications/microchip/xc32/v2.40/bin/bin/../../lib/gcc/pic32mx/4.8.3/../../../../pic32mx/lib/libc.a(rand.o)
 .gnu.attributes
                0x00000000000000e0       0x10 /Applications/microchip/xc32/v2.40/bin/bin/../../lib/gcc/pic32mx/4.8.3/../../../../pic32mx/lib/libc.a(strtok.o)
 .gnu.attributes
                0x00000000000000f0       0x10 /Applications/microchip/xc32/v2.40/bin/bin/../../lib/gcc/pic32mx/4.8.3/../../../../pic32mx/lib/libc.a(datof.o)
 .gnu.attributes
                0x0000000000000100       0x10 /Applications/microchip/xc32/v2.40/bin/bin/../../lib/gcc/pic32mx/4.8.3/../../../../pic32mx/lib/libc.a(printf_s.eo)
 .gnu.attributes
                0x0000000000000110       0x10 /Applications/microchip/xc32/v2.40/bin/bin/../../lib/gcc/pic32mx/4.8.3/../../../../pic32mx/lib/libc.a(fgetc.o)
 .gnu.attributes
                0x0000000000000120       0x10 /Applications/microchip/xc32/v2.40/bin/bin/../../lib/gcc/pic32mx/4.8.3/../../../../pic32mx/lib/libc.a(_fputc_simple.o)
 .gnu.attributes
                0x0000000000000130       0x10 /Applications/microchip/xc32/v2.40/bin/bin/../../lib/gcc/pic32mx/4.8.3/../../../../pic32mx/lib/libc.a(strcspn.o)
 .gnu.attributes
                0x0000000000000140       0x10 /Applications/microchip/xc32/v2.40/bin/bin/../../lib/gcc/pic32mx/4.8.3/../../../../pic32mx/lib/libc.a(strspn.o)
 .gnu.attributes
                0x0000000000000150       0x10 /Applications/microchip/xc32/v2.40/bin/bin/../../lib/gcc/pic32mx/4.8.3/../../../../pic32mx/lib/libc.a(strtod.o)
 .gnu.attributes
                0x0000000000000160       0x10 /Applications/microchip/xc32/v2.40/bin/bin/../../lib/gcc/pic32mx/4.8.3/../../../../pic32mx/lib/libc.a(doprnt_s.eo)
 .gnu.attributes
                0x0000000000000170       0x10 /Applications/microchip/xc32/v2.40/bin/bin/../../lib/gcc/pic32mx/4.8.3/../../../../pic32mx/lib/libc.a(filbuf.o)
 .gnu.attributes
                0x0000000000000180       0x10 /Applications/microchip/xc32/v2.40/bin/bin/../../lib/gcc/pic32mx/4.8.3/../../../../pic32mx/lib/libc.a(_flsbuf_simple.o)
 .gnu.attributes
                0x0000000000000190       0x10 /Applications/microchip/xc32/v2.40/bin/bin/../../lib/gcc/pic32mx/4.8.3/../../../../pic32mx/lib/libc.a(fflush.o)
 .gnu.attributes
                0x00000000000001a0       0x10 /Applications/microchip/xc32/v2.40/bin/bin/../../lib/gcc/pic32mx/4.8.3/../../../../pic32mx/lib/libc.a(ctype.o)
 .gnu.attributes
                0x00000000000001b0       0x10 /Applications/microchip/xc32/v2.40/bin/bin/../../lib/gcc/pic32mx/4.8.3/../../../../pic32mx/lib/libc.a(strchr.o)
 .gnu.attributes
                0x00000000000001c0       0x10 /Applications/microchip/xc32/v2.40/bin/bin/../../lib/gcc/pic32mx/4.8.3/../../../../pic32mx/lib/libm.a(__strtod.o)
 .gnu.attributes
                0x00000000000001d0       0x10 /Applications/microchip/xc32/v2.40/bin/bin/../../lib/gcc/pic32mx/4.8.3/../../../../pic32mx/lib/libe.a(_ldexp.o)
 .gnu.attributes
                0x00000000000001e0       0x10 /Applications/microchip/xc32/v2.40/bin/bin/../../lib/gcc/pic32mx/4.8.3/libgcc.a(_lshrdi3.o)
 .gnu.attributes
                0x00000000000001f0       0x10 /Applications/microchip/xc32/v2.40/bin/bin/../../lib/gcc/pic32mx/4.8.3/libgcc.a(_ashldi3.o)
 .gnu.attributes
                0x0000000000000200       0x10 /Applications/microchip/xc32/v2.40/bin/bin/../../lib/gcc/pic32mx/4.8.3/libgcc.a(_udivdi3.o)
 .gnu.attributes
                0x0000000000000210       0x10 /Applications/microchip/xc32/v2.40/bin/bin/../../lib/gcc/pic32mx/4.8.3/libgcc.a(_umoddi3.o)
 .gnu.attributes
                0x0000000000000220       0x10 /Applications/microchip/xc32/v2.40/bin/bin/../../lib/gcc/pic32mx/4.8.3/../../../../pic32mx/lib/libpic32.a(write.o)
 .gnu.attributes
                0x0000000000000230       0x10 /Applications/microchip/xc32/v2.40/bin/bin/../../lib/gcc/pic32mx/4.8.3/../../../../pic32mx/lib/libpic32.a(errno.o)
 .gnu.attributes
                0x0000000000000240       0x10 /Applications/microchip/xc32/v2.40/bin/bin/../../lib/gcc/pic32mx/4.8.3/../../../../pic32mx/lib/libpic32.a(_mon_putc.o)
LOAD /Applications/microchip/xc32/v2.40/bin/bin/../../lib/gcc/pic32mx/4.8.3/libgcc.a
START GROUP
LOAD /Applications/microchip/xc32/v2.40/bin/bin/../../lib/gcc/pic32mx/4.8.3/../../../../pic32mx/lib/libpic32.a
LOAD /Applications/microchip/xc32/v2.40/bin/bin/../../lib/gcc/pic32mx/4.8.3/../../../../pic32mx/lib/libdebug.a
LOAD /Applications/microchip/xc32/v2.40/bin/bin/../../lib/gcc/pic32mx/4.8.3/../../../../pic32mx/lib/libpic32.a
LOAD /Applications/microchip/xc32/v2.40/bin/bin/../../lib/gcc/pic32mx/4.8.3/../../../../pic32mx/lib/libc.a
LOAD /Applications/microchip/xc32/v2.40/bin/bin/../../lib/gcc/pic32mx/4.8.3/../../../../pic32mx/lib/libc.a
LOAD /Applications/microchip/xc32/v2.40/bin/bin/../../lib/gcc/pic32mx/4.8.3/../../../../pic32mx/lib/libm.a
LOAD /Applications/microchip/xc32/v2.40/bin/bin/../../lib/gcc/pic32mx/4.8.3/../../../../pic32mx/lib/libe.a
LOAD /Applications/microchip/xc32/v2.40/bin/bin/../../lib/gcc/pic32mx/4.8.3/../../../../pic32mx/lib/libdsp.a
LOAD /Applications/microchip/xc32/v2.40/bin/bin/../../lib/gcc/pic32mx/4.8.3/libgcc.a
LOAD /Applications/microchip/xc32/v2.40/bin/bin/../../lib/gcc/pic32mx/4.8.3/../../../../pic32mx/lib/libpic32.a
END GROUP
LOAD /Applications/microchip/xc32/v2.40/bin/bin/../../lib/gcc/pic32mx/4.8.3/libgcc.a
OUTPUT(dist/default/production/Lab4.X.production.elf elf32-tradlittlemips)
LOAD stack
LOAD data_init

.reginfo        0x0000000000000000       0x18
 .reginfo       0x0000000000000000       0x18 /Applications/microchip/xc32/v2.40/bin/bin/../../lib/gcc/pic32mx/4.8.3/../../../../pic32mx/lib/debug-exception-return.o

.stack          0x00000000a0000130      0x400
 .stack         0x00000000a0000130      0x400 stack
